Microchip Technology Inc, v1.25 (A)

Tool Name:
  c:\program files\microchip\xc16\v1.25\bin\bin\..\bin/elf-ld.exe

Command:
  -p33EP32GS502 \
  -o \
  dist/default/production/840test.X.production.elf \
  -Lc:/program files/microchip/xc16/v1.25/bin/bin/.. \
  -Lc:/program files/microchip/xc16/v1.25/bin/bin/../../lib \
  -Lc:/program files/microchip/xc16/v1.25/bin/bin/../../support/PIC24E/gld \
  -Lc:/program files/microchip/xc16/v1.25/bin/bin/../../support/PIC24F/gld \
  -Lc:/program files/microchip/xc16/v1.25/bin/bin/../../support/PIC24H/gld \
  -Lc:/program files/microchip/xc16/v1.25/bin/bin/../../support/dsPIC30F/gld \
  -Lc:/program files/microchip/xc16/v1.25/bin/bin/../../support/dsPIC33E/gld \
  -Lc:/program files/microchip/xc16/v1.25/bin/bin/../../support/dsPIC33F/gld \
  build/default/production/_ext/1472/840_Traps.o \
  build/default/production/_ext/1472/840_main.o \
  build/default/production/_ext/1472/840_start.o \
  build/default/production/_ext/1472/840_SPI.o \
  build/default/production/_ext/1472/840_Regler.o \
  build/default/production/_ext/1472/840_Konfig.o \
  build/default/production/_ext/1472/840_Int.o \
  build/default/production/_ext/1472/840_UART.o \
  --local-stack \
  --defsym=__MPLAB_BUILD=1 \
  -Tp33EP32GS502.gld.00 \
  --stack=16 \
  --check-sections \
  --data-init \
  --pack-data \
  --handles \
  --isr \
  --no-gc-sections \
  --fill-upper=0 \
  --stackguard=16 \
  --library-path=.. \
  --library-path=. \
  --no-force-link \
  --smart-io \
  -Map=dist/default/production/6900747_840b_EP.X.production.map \
  --report-mem \
  --memorysummary \
  dist/default/production/memoryfile.xml \
  -start-group \
  --library=pic30-elf \
  --library=m-elf \
  --library=c-elf \
  -end-group \


Optional library libp33EP32GS502.a not found
Archive member included because of file (symbol)

c:/program files/microchip/xc16/v1.25/bin/bin/../../lib\libpic30-elf.a(crt0_extendedep.o)
                              (__resetPRI)
c:/program files/microchip/xc16/v1.25/bin/bin/../../lib\libpic30-elf.a(data_init_extendedep.o)
                              c:/program files/microchip/xc16/v1.25/bin/bin/../../lib\libpic30-elf.a(crt0_extendedep.o) (__data_init_extended)


xc16-ld 1.25 (A)

Program Memory  [Origin = 0x200, Length = 0x5580]

section                    address   length (PC units)   length (bytes) (dec)
-------                    -------   -----------------   --------------------
.text                        0x200               0x21e           0x32d  (813)
.text                        0x41e              0x158e          0x2055  (8277)
.dinit                      0x19ac                0x78            0xb4  (180)
_053C5120_at_address_00002B00    0x2b00                 0x2             0x3  (3)
.const                      0x2b02                 0x2             0x3  (3)
_053C5180_at_address_00002B10    0x2b10                 0x2             0x3  (3)

                     Total program memory used (bytes):         0x243f  (9279) 28%


Data Memory  [Origin = 0x1000, Length = 0x1000]

section                    address      alignment gaps    total length  (dec)
-------                    -------      --------------    -------------------
.nbss                       0x1000                   0           0x1c0  (448)
.ndata                      0x11c0                   0            0x1a  (26)
.nbss                       0x11da                   0            0x2e  (46)
.ndata                      0x1208                   0            0x26  (38)
.nbss                       0x122e                   0             0x2  (2)

                        Total data memory used (bytes):          0x230  (560) 13%


Dynamic Memory Usage

region                     address                      maximum length  (dec)
------                     -------                      ---------------------
heap                             0                                   0  (0)
stack                       0x1230                               0xdd0  (3536)

                        Maximum dynamic memory (bytes):          0xdd0  (3536)


External Symbols in Data Memory (by address):

                    0x1000                  _Page
                    0x1002                  _Index
                    0x1004                  _OnOff
                    0x1006                  _OnOff_Strom
                    0x1008                  _AliveOne
                    0x100a                  _power
                    0x100c                  _einmal
                    0x100e                  _baud_change_needed
                    0x1010                  _uart_change_start_done
                    0x1012                  _init_error_idx
                    0x1014                  _one_time_op_page
                    0x1016                  _TxDaten
                    0x101c                  _RxDaten
                    0x1022                  _P5_Sendungen
                    0x1046                  _TimerUART
[...]
Memory Configuration

Name             Origin             Length             Attributes
data             0x001000           0x001000           a !xr
reset            0x000000           0x000004  
ivt              0x000004           0x0001fc  
program          0x000200           0x005580           xr
FSEC             0x005780           0x000002  
FBSLIM           0x005790           0x000002  
FSIGN            0x005794           0x000002  
FOSCSEL          0x005798           0x000002  
FOSC             0x00579c           0x000002  
FWDT             0x0057a0           0x000002  
FPOR             0x0057a4           0x000002  
FICD             0x0057a8           0x000002  
FDEVOPT          0x0057ac           0x000002  
FALTREG          0x0057b0           0x000002  
*default*        0x000000           0xffffffff  

Linker script and memory map

LOAD build/default/production/_ext/1472/840_Traps.o
LOAD build/default/production/_ext/1472/840_main.o
LOAD build/default/production/_ext/1472/840_start.o
LOAD build/default/production/_ext/1472/840_SPI.o
LOAD build/default/production/_ext/1472/840_Regler.o
LOAD build/default/production/_ext/1472/840_Konfig.o
LOAD build/default/production/_ext/1472/840_Int.o
LOAD build/default/production/_ext/1472/840_UART.o
                    0x0001                  __MPLAB_BUILD = 0x1
LOAD p33EP32GS502
LOAD c:/program files/microchip/xc16/v1.25/bin/bin/../../lib\libfx-elf.a
                    0x5780                  __FSEC = 0x5780
                    0x5790                  __FBSLIM = 0x5790
                    0x5794                  __FSIGN = 0x5794
                    0x5798                  __FOSCSEL = 0x5798
                    0x579c                  __FOSC = 0x579c
                    0x57a0                  __FWDT = 0x57a0
                    0x57a4                  __FPOR = 0x57a4
                    0x57a8                  __FICD = 0x57a8
                    0x57ac                  __FDEVOPT = 0x57ac
                    0x57b0                  __FALTREG = 0x57b0
                    0x0001                  __NO_HANDLES = 0x1
                    0x0200                  __CODE_BASE = 0x200
                    0x5580                  __CODE_LENGTH = 0x5580
                    0x0004                  __IVT_BASE = 0x4
                    0x1000                  __DATA_BASE = 0x1000
                    0x1000                  __DATA_LENGTH = 0x1000
                    0x1800                  __YDATA_BASE = 0x1800

.reset            0x000000          0x4
                  0x000000          0x2 SHORT 0x200 ABSOLUTE (__reset)
                  0x000001          0x2 SHORT 0x4
                  0x000002          0x2 SHORT 0x0 ((ABSOLUTE (__reset) >> 0x10) & 0x7f)
                  0x000003          0x2 SHORT 0x0

.text             0x000200        0x21e
 *(.init)
 .init            0x000200         0x38 c:/program files/microchip/xc16/v1.25/bin/bin/../../lib\libpic30-elf.a(crt0_extendedep.o)
                  0x000200                  __resetPRI
                  0x000200                  __reset
                  0x00022c                  __psv_init
 .init            0x000238         0x9a c:/program files/microchip/xc16/v1.25/bin/bin/../../lib\libpic30-elf.a(data_init_extendedep.o)
                  0x000238                  __data_init
                  0x000238                  __data_init_extended
 *(.user_init)
 *(.handle)
 *(.isr*)
 .isr.text        0x0002d2        0x148 build/default/production/_ext/1472/840_Int.o
                  0x0002d2                  __T2Interrupt
                  0x0002d6                  __T3Interrupt
                  0x000308                  __T1Interrupt
                  0x000326                  __U1RXInterrupt
 .isr             0x00041a          0x4 default_isr
                  0x00041a                  __DefaultInterrupt
 *(.libc)
 *(.libm)
 *(.libdsp)
 *(.lib*)

usercode
 *(usercode)

__FSEC
 *(__FSEC.sec*)

__FBSLIM
 *(__FBSLIM.sec*)

__FSIGN
 *(__FSIGN.sec*)

__FOSCSEL
 *(__FOSCSEL.sec*)

__FOSC
 *(__FOSC.sec*)

__FWDT
 *(__FWDT.sec*)

__FPOR
 *(__FPOR.sec*)

__FICD
 *(__FICD.sec*)

__FDEVOPT
 *(__FDEVOPT.sec*)

__FALTREG
 *(__FALTREG.sec*)

.comment
 *(.comment)

.debug_info       0x000000       0xaa37
 *(.debug_info)
 .debug_info      0x000000        0x3ba build/default/production/_ext/1472/840_Traps.o
 .debug_info      0x0003ba       0x1896 build/default/production/_ext/1472/840_main.o
 .debug_info      0x001c50        0xa10 build/default/production/_ext/1472/840_start.o
 .debug_info      0x002660        0x899 build/default/production/_ext/1472/840_SPI.o
 .debug_info      0x002ef9       0x11f4 build/default/production/_ext/1472/840_Regler.o
 .debug_info      0x0040ed       0x45fb build/default/production/_ext/1472/840_Konfig.o
 .debug_info      0x0086e8        0xf66 build/default/production/_ext/1472/840_Int.o
 .debug_info      0x00964e       0x13e9 build/default/production/_ext/1472/840_UART.o
 *(.gnu.linkonce.wi.*)

.debug_abbrev     0x000000        0xb2c
 *(.debug_abbrev)
 .debug_abbrev    0x000000         0xb0 build/default/production/_ext/1472/840_Traps.o
 .debug_abbrev    0x0000b0        0x214 build/default/production/_ext/1472/840_main.o
 .debug_abbrev    0x0002c4        0x164 build/default/production/_ext/1472/840_start.o
 .debug_abbrev    0x000428        0x155 build/default/production/_ext/1472/840_SPI.o
 .debug_abbrev    0x00057d        0x15d build/default/production/_ext/1472/840_Regler.o
 .debug_abbrev    0x0006da        0x106 build/default/production/_ext/1472/840_Konfig.o
 .debug_abbrev    0x0007e0        0x162 build/default/production/_ext/1472/840_Int.o
 .debug_abbrev    0x000942        0x1ea build/default/production/_ext/1472/840_UART.o

.debug_line       0x000000       0x2b4c
 *(.debug_line)
 .debug_line      0x000000        0x28a build/default/production/_ext/1472/840_Traps.o
 .debug_line      0x00028a        0x577 build/default/production/_ext/1472/840_main.o
 .debug_line      0x000801        0x294 build/default/production/_ext/1472/840_start.o
 .debug_line      0x000a95        0x268 build/default/production/_ext/1472/840_SPI.o
 .debug_line      0x000cfd        0x4c7 build/default/production/_ext/1472/840_Regler.o
 .debug_line      0x0011c4        0x6b3 build/default/production/_ext/1472/840_Konfig.o
 .debug_line      0x001877        0x2b4 build/default/production/_ext/1472/840_Int.o
 .debug_line      0x001b2b       0x1021 build/default/production/_ext/1472/840_UART.o

.debug_frame      0x000000        0x360
 *(.debug_frame)
 .debug_frame     0x000000         0xa4 build/default/production/_ext/1472/840_Traps.o
 .debug_frame     0x0000a4         0x74 build/default/production/_ext/1472/840_main.o
 .debug_frame     0x000118         0x44 build/default/production/_ext/1472/840_start.o
 .debug_frame     0x00015c         0x34 build/default/production/_ext/1472/840_SPI.o
 .debug_frame     0x000190         0x64 build/default/production/_ext/1472/840_Regler.o
 .debug_frame     0x0001f4         0x84 build/default/production/_ext/1472/840_Konfig.o
 .debug_frame     0x000278         0x54 build/default/production/_ext/1472/840_Int.o
 .debug_frame     0x0002cc         0x94 build/default/production/_ext/1472/840_UART.o

.debug_str        0x000000        0x7aa
 *(.debug_str)
 .debug_str       0x000000          0xc build/default/production/_ext/1472/840_Traps.o
 .debug_str       0x00000c        0x199 build/default/production/_ext/1472/840_main.o
 .debug_str       0x0001a5         0x71 build/default/production/_ext/1472/840_start.o
 .debug_str       0x000216         0x6e build/default/production/_ext/1472/840_SPI.o
 .debug_str       0x000284        0x192 build/default/production/_ext/1472/840_Regler.o
 .debug_str       0x000416        0x22a build/default/production/_ext/1472/840_Konfig.o
 .debug_str       0x000640         0xa3 build/default/production/_ext/1472/840_Int.o
 .debug_str       0x0006e3         0xc7 build/default/production/_ext/1472/840_UART.o

.debug_loc
 *(.debug_loc)

.debug_macinfo
 *(.debug_macinfo)

.debug_pubnames
                  0x000000        0xd44
 *(.debug_pubnames)
 .debug_pubnames
                  0x000000         0xca build/default/production/_ext/1472/840_Traps.o
 .debug_pubnames
                  0x0000ca        0x200 build/default/production/_ext/1472/840_main.o
 .debug_pubnames
                  0x0002ca        0x1cf build/default/production/_ext/1472/840_start.o
 .debug_pubnames
                  0x000499         0xba build/default/production/_ext/1472/840_SPI.o
 .debug_pubnames
                  0x000553        0x3de build/default/production/_ext/1472/840_Regler.o
 .debug_pubnames
                  0x000931         0x6b build/default/production/_ext/1472/840_Konfig.o
 .debug_pubnames
                  0x00099c        0x165 build/default/production/_ext/1472/840_Int.o
 .debug_pubnames
                  0x000b01        0x243 build/default/production/_ext/1472/840_UART.o

.debug_ranges
 *(.debug_ranges)

.debug_aranges    0x000000         0xc0
 *(.debug_aranges)
 .debug_aranges
                  0x000000         0x18 build/default/production/_ext/1472/840_Traps.o
 .debug_aranges
                  0x000018         0x18 build/default/production/_ext/1472/840_main.o
 .debug_aranges
                  0x000030         0x18 build/default/production/_ext/1472/840_start.o
 .debug_aranges
                  0x000048         0x18 build/default/production/_ext/1472/840_SPI.o
 .debug_aranges
                  0x000060         0x18 build/default/production/_ext/1472/840_Regler.o
 .debug_aranges
                  0x000078         0x18 build/default/production/_ext/1472/840_Konfig.o
 .debug_aranges
                  0x000090         0x18 build/default/production/_ext/1472/840_Int.o
 .debug_aranges
                  0x0000a8         0x18 build/default/production/_ext/1472/840_UART.o

.ivt              0x000004        0x17a
                  0x000004          0x4 LONG 0x17ac DEFINED (__OscillatorFail)?ABSOLUTE (__OscillatorFail):ABSOLUTE (__DefaultInterrupt)
                  0x000006          0x4 LONG 0x17ce DEFINED (__AddressError)?ABSOLUTE (__AddressError):ABSOLUTE (__DefaultInterrupt)
                  0x000008          0x4 LONG 0x41a DEFINED (__HardTrapError)?ABSOLUTE (__HardTrapError):ABSOLUTE (__DefaultInterrupt)
                  0x00000a          0x4 LONG 0x17f0 DEFINED (__StackError)?ABSOLUTE (__StackError):ABSOLUTE (__DefaultInterrupt)
                  0x00000c          0x4 LONG 0x1812 DEFINED (__MathError)?ABSOLUTE (__MathError):ABSOLUTE (__DefaultInterrupt)
                  0x00000e          0x4 LONG 0x41a DEFINED (__ReservedTrap5)?ABSOLUTE (__ReservedTrap5):ABSOLUTE (__DefaultInterrupt)
                  0x000010          0x4 LONG 0x41a DEFINED (__SoftTrapError)?ABSOLUTE (__SoftTrapError):ABSOLUTE (__DefaultInterrupt)
                  0x000012          0x4 LONG 0x41a DEFINED (__ReservedTrap7)?ABSOLUTE (__ReservedTrap7):ABSOLUTE (__DefaultInterrupt)
                  0x000014          0x4 LONG 0x41a DEFINED (__INT0Interrupt)?ABSOLUTE (__INT0Interrupt):ABSOLUTE (__DefaultInterrupt)
                  0x000016          0x4 LONG 0x41a DEFINED (__IC1Interrupt)?ABSOLUTE (__IC1Interrupt):ABSOLUTE (__DefaultInterrupt)
                  0x000018          0x4 LONG 0x41a DEFINED (__OC1Interrupt)?ABSOLUTE (__OC1Interrupt):ABSOLUTE (__DefaultInterrupt)
                  0x00001a          0x4 LONG 0x308 DEFINED (__T1Interrupt)?ABSOLUTE (__T1Interrupt):ABSOLUTE (__DefaultInterrupt)
                  0x00001c          0x4 LONG 0x41a DEFINED (__Interrupt4)?ABSOLUTE (__Interrupt4):ABSOLUTE (__DefaultInterrupt)
                  0x00001e          0x4 LONG 0x41a DEFINED (__IC2Interrupt)?ABSOLUTE (__IC2Interrupt):ABSOLUTE (__DefaultInterrupt)
                  0x000020          0x4 LONG 0x41a DEFINED (__OC2Interrupt)?ABSOLUTE (__OC2Interrupt):ABSOLUTE (__DefaultInterrupt)
                  0x000022          0x4 LONG 0x2d2 DEFINED (__T2Interrupt)?ABSOLUTE (__T2Interrupt):ABSOLUTE (__DefaultInterrupt)
                  0x000024          0x4 LONG 0x2d6 DEFINED (__T3Interrupt)?ABSOLUTE (__T3Interrupt):ABSOLUTE (__DefaultInterrupt)
                  0x000026          0x4 LONG 0x41a DEFINED (__SPI1ErrInterrupt)?ABSOLUTE (__SPI1ErrInterrupt):ABSOLUTE (__DefaultInterrupt)
                  0x000028          0x4 LONG 0x41a DEFINED (__SPI1Interrupt)?ABSOLUTE (__SPI1Interrupt):ABSOLUTE (__DefaultInterrupt)
                  0x00002a          0x4 LONG 0x326 DEFINED (__U1RXInterrupt)?ABSOLUTE (__U1RXInterrupt):ABSOLUTE (__DefaultInterrupt)
                  0x00002c          0x4 LONG 0x41a DEFINED (__U1TXInterrupt)?ABSOLUTE (__U1TXInterrupt):ABSOLUTE (__DefaultInterrupt)
                  0x00002e          0x4 LONG 0x41a DEFINED (__AD1Interrupt)?ABSOLUTE (__AD1Interrupt):ABSOLUTE (__DefaultInterrupt)
                  0x000030          0x4 LONG 0x41a DEFINED (__Interrupt14)?ABSOLUTE (__Interrupt14):ABSOLUTE (__DefaultInterrupt)
                  0x000032          0x4 LONG 0x41a DEFINED (__NVMInterrupt)?ABSOLUTE (__NVMInterrupt):ABSOLUTE (__DefaultInterrupt)
                  0x000034          0x4 LONG 0x41a DEFINED (__SI2C1Interrupt)?ABSOLUTE (__SI2C1Interrupt):ABSOLUTE (__DefaultInterrupt)
                  0x000036          0x4 LONG 0x41a DEFINED (__MI2C1Interrupt)?ABSOLUTE (__MI2C1Interrupt):ABSOLUTE (__DefaultInterrupt)
                  0x000038          0x4 LONG 0x41a DEFINED (__CMP1Interrupt)?ABSOLUTE (__CMP1Interrupt):ABSOLUTE (__DefaultInterrupt)
                  0x00003a          0x4 LONG 0x41a DEFINED (__CNInterrupt)?ABSOLUTE (__CNInterrupt):ABSOLUTE (__DefaultInterrupt)
                  0x00003c          0x4 LONG 0x41a DEFINED (__INT1Interrupt)?ABSOLUTE (__INT1Interrupt):ABSOLUTE (__DefaultInterrupt)
                  0x00003e          0x4 LONG 0x41a DEFINED (__Interrupt21)?ABSOLUTE (__Interrupt21):ABSOLUTE (__DefaultInterrupt)
                  0x000040          0x4 LONG 0x41a DEFINED (__Interrupt22)?ABSOLUTE (__Interrupt22):ABSOLUTE (__DefaultInterrupt)
                  0x000042          0x4 LONG 0x41a DEFINED (__Interrupt23)?ABSOLUTE (__Interrupt23):ABSOLUTE (__DefaultInterrupt)
                  0x000044          0x4 LONG 0x41a DEFINED (__Interrupt24)?ABSOLUTE (__Interrupt24):ABSOLUTE (__DefaultInterrupt)
                  0x000046          0x4 LONG 0x41a DEFINED (__OC3Interrupt)?ABSOLUTE (__OC3Interrupt):ABSOLUTE (__DefaultInterrupt)
                  0x000048          0x4 LONG 0x41a DEFINED (__OC4Interrupt)?ABSOLUTE (__OC4Interrupt):ABSOLUTE (__DefaultInterrupt)
                  0x00004a          0x4 LONG 0x41a DEFINED (__T4Interrupt)?ABSOLUTE (__T4Interrupt):ABSOLUTE (__DefaultInterrupt)
                  0x00004c          0x4 LONG 0x41a DEFINED (__T5Interrupt)?ABSOLUTE (__T5Interrupt):ABSOLUTE (__DefaultInterrupt)
                  0x00004e          0x4 LONG 0x41a DEFINED (__INT2Interrupt)?ABSOLUTE (__INT2Interrupt):ABSOLUTE (__DefaultInterrupt)
                  0x000050          0x4 LONG 0x41a DEFINED (__U2RXInterrupt)?ABSOLUTE (__U2RXInterrupt):ABSOLUTE (__DefaultInterrupt)
                  0x000052          0x4 LONG 0x41a DEFINED (__U2TXInterrupt)?ABSOLUTE (__U2TXInterrupt):ABSOLUTE (__DefaultInterrupt)
                  0x000054          0x4 LONG 0x41a DEFINED (__SPI2ErrInterrupt)?ABSOLUTE (__SPI2ErrInterrupt):ABSOLUTE (__DefaultInterrupt)
                  0x000056          0x4 LONG 0x41a DEFINED (__SPI2Interrupt)?ABSOLUTE (__SPI2Interrupt):ABSOLUTE (__DefaultInterrupt)
                  0x000058          0x4 LONG 0x41a DEFINED (__Interrupt34)?ABSOLUTE (__Interrupt34):ABSOLUTE (__DefaultInterrupt)
                  0x00005a          0x4 LONG 0x41a DEFINED (__Interrupt35)?ABSOLUTE (__Interrupt35):ABSOLUTE (__DefaultInterrupt)
                  0x00005c          0x4 LONG 0x41a DEFINED (__Interrupt36)?ABSOLUTE (__Interrupt36):ABSOLUTE (__DefaultInterrupt)
                  0x00005e          0x4 LONG 0x41a DEFINED (__IC3Interrupt)?ABSOLUTE (__IC3Interrupt):ABSOLUTE (__DefaultInterrupt)
                  0x000060          0x4 LONG 0x41a DEFINED (__IC4Interrupt)?ABSOLUTE (__IC4Interrupt):ABSOLUTE (__DefaultInterrupt)
                  0x000062          0x4 LONG 0x41a DEFINED (__Interrupt39)?ABSOLUTE (__Interrupt39):ABSOLUTE (__DefaultInterrupt)
                  0x000064          0x4 LONG 0x41a DEFINED (__Interrupt40)?ABSOLUTE (__Interrupt40):ABSOLUTE (__DefaultInterrupt)
                  0x000066          0x4 LONG 0x41a DEFINED (__Interrupt41)?ABSOLUTE (__Interrupt41):ABSOLUTE (__DefaultInterrupt)
                  0x000068          0x4 LONG 0x41a DEFINED (__Interrupt42)?ABSOLUTE (__Interrupt42):ABSOLUTE (__DefaultInterrupt)
                  0x00006a          0x4 LONG 0x41a DEFINED (__Interrupt43)?ABSOLUTE (__Interrupt43):ABSOLUTE (__DefaultInterrupt)
                  0x00006c          0x4 LONG 0x41a DEFINED (__Interrupt44)?ABSOLUTE (__Interrupt44):ABSOLUTE (__DefaultInterrupt)
                  0x00006e          0x4 LONG 0x41a DEFINED (__Interrupt45)?ABSOLUTE (__Interrupt45):ABSOLUTE (__DefaultInterrupt)
                  0x000070          0x4 LONG 0x41a DEFINED (__Interrupt46)?ABSOLUTE (__Interrupt46):ABSOLUTE (__DefaultInterrupt)
                  0x000072          0x4 LONG 0x41a DEFINED (__Interrupt47)?ABSOLUTE (__Interrupt47):ABSOLUTE (__DefaultInterrupt)
                  0x000074          0x4 LONG 0x41a DEFINED (__Interrupt48)?ABSOLUTE (__Interrupt48):ABSOLUTE (__DefaultInterrupt)
                  0x000076          0x4 LONG 0x41a DEFINED (__SI2C2Interrupt)?ABSOLUTE (__SI2C2Interrupt):ABSOLUTE (__DefaultInterrupt)
                  0x000078          0x4 LONG 0x41a DEFINED (__MI2C2Interrupt)?ABSOLUTE (__MI2C2Interrupt):ABSOLUTE (__DefaultInterrupt)
                  0x00007a          0x4 LONG 0x41a DEFINED (__Interrupt51)?ABSOLUTE (__Interrupt51):ABSOLUTE (__DefaultInterrupt)
                  0x00007c          0x4 LONG 0x41a DEFINED (__Interrupt52)?ABSOLUTE (__Interrupt52):ABSOLUTE (__DefaultInterrupt)
                  0x00007e          0x4 LONG 0x41a DEFINED (__Interrupt53)?ABSOLUTE (__Interrupt53):ABSOLUTE (__DefaultInterrupt)
                  0x000080          0x4 LONG 0x41a DEFINED (__INT4Interrupt)?ABSOLUTE (__INT4Interrupt):ABSOLUTE (__DefaultInterrupt)
                  0x000082          0x4 LONG 0x41a DEFINED (__Interrupt55)?ABSOLUTE (__Interrupt55):ABSOLUTE (__DefaultInterrupt)
                  0x000084          0x4 LONG 0x41a DEFINED (__Interrupt56)?ABSOLUTE (__Interrupt56):ABSOLUTE (__DefaultInterrupt)
                  0x000086          0x4 LONG 0x1584 DEFINED (__PWMSpEventMatchInterrupt)?ABSOLUTE (__PWMSpEventMatchInterrupt):ABSOLUTE (__DefaultInterrupt)
                  0x000088          0x4 LONG 0x41a DEFINED (__Interrupt58)?ABSOLUTE (__Interrupt58):ABSOLUTE (__DefaultInterrupt)
                  0x00008a          0x4 LONG 0x41a DEFINED (__Interrupt59)?ABSOLUTE (__Interrupt59):ABSOLUTE (__DefaultInterrupt)
                  0x00008c          0x4 LONG 0x41a DEFINED (__Interrupt60)?ABSOLUTE (__Interrupt60):ABSOLUTE (__DefaultInterrupt)
                  0x00008e          0x4 LONG 0x41a DEFINED (__Interrupt61)?ABSOLUTE (__Interrupt61):ABSOLUTE (__DefaultInterrupt)
                  0x000090          0x4 LONG 0x41a DEFINED (__Interrupt62)?ABSOLUTE (__Interrupt62):ABSOLUTE (__DefaultInterrupt)
                  0x000092          0x4 LONG 0x41a DEFINED (__Interrupt63)?ABSOLUTE (__Interrupt63):ABSOLUTE (__DefaultInterrupt)
                  0x000094          0x4 LONG 0x41a DEFINED (__Interrupt64)?ABSOLUTE (__Interrupt64):ABSOLUTE (__DefaultInterrupt)
                  0x000096          0x4 LONG 0x41a DEFINED (__U1ErrInterrupt)?ABSOLUTE (__U1ErrInterrupt):ABSOLUTE (__DefaultInterrupt)
                  0x000098          0x4 LONG 0x41a DEFINED (__U2ErrInterrupt)?ABSOLUTE (__U2ErrInterrupt):ABSOLUTE (__DefaultInterrupt)
                  0x00009a          0x4 LONG 0x41a DEFINED (__Interrupt67)?ABSOLUTE (__Interrupt67):ABSOLUTE (__DefaultInterrupt)
                  0x00009c          0x4 LONG 0x41a DEFINED (__Interrupt68)?ABSOLUTE (__Interrupt68):ABSOLUTE (__DefaultInterrupt)
                  0x00009e          0x4 LONG 0x41a DEFINED (__Interrupt69)?ABSOLUTE (__Interrupt69):ABSOLUTE (__DefaultInterrupt)
                  0x0000a0          0x4 LONG 0x41a DEFINED (__Interrupt70)?ABSOLUTE (__Interrupt70):ABSOLUTE (__DefaultInterrupt)
                  0x0000a2          0x4 LONG 0x41a DEFINED (__Interrupt71)?ABSOLUTE (__Interrupt71):ABSOLUTE (__DefaultInterrupt)
                  0x0000a4          0x4 LONG 0x41a DEFINED (__Interrupt72)?ABSOLUTE (__Interrupt72):ABSOLUTE (__DefaultInterrupt)
                  0x0000a6          0x4 LONG 0x145a DEFINED (__PWMSecSpEventMatchInterrupt)?ABSOLUTE (__PWMSecSpEventMatchInterrupt):ABSOLUTE (__DefaultInterrupt)
                  0x0000a8          0x4 LONG 0x41a DEFINED (__Interrupt74)?ABSOLUTE (__Interrupt74):ABSOLUTE (__DefaultInterrupt)
                  0x0000aa          0x4 LONG 0x41a DEFINED (__Interrupt75)?ABSOLUTE (__Interrupt75):ABSOLUTE (__DefaultInterrupt)
                  0x0000ac          0x4 LONG 0x41a DEFINED (__Interrupt76)?ABSOLUTE (__Interrupt76):ABSOLUTE (__DefaultInterrupt)
                  0x0000ae          0x4 LONG 0x41a DEFINED (__Interrupt77)?ABSOLUTE (__Interrupt77):ABSOLUTE (__DefaultInterrupt)
                  0x0000b0          0x4 LONG 0x41a DEFINED (__Interrupt78)?ABSOLUTE (__Interrupt78):ABSOLUTE (__DefaultInterrupt)
                  0x0000b2          0x4 LONG 0x41a DEFINED (__Interrupt79)?ABSOLUTE (__Interrupt79):ABSOLUTE (__DefaultInterrupt)
                  0x0000b4          0x4 LONG 0x41a DEFINED (__Interrupt80)?ABSOLUTE (__Interrupt80):ABSOLUTE (__DefaultInterrupt)
                  0x0000b6          0x4 LONG 0x41a DEFINED (__Interrupt81)?ABSOLUTE (__Interrupt81):ABSOLUTE (__DefaultInterrupt)
                  0x0000b8          0x4 LONG 0x41a DEFINED (__Interrupt82)?ABSOLUTE (__Interrupt82):ABSOLUTE (__DefaultInterrupt)
                  0x0000ba          0x4 LONG 0x41a DEFINED (__Interrupt83)?ABSOLUTE (__Interrupt83):ABSOLUTE (__DefaultInterrupt)
                  0x0000bc          0x4 LONG 0x41a DEFINED (__Interrupt84)?ABSOLUTE (__Interrupt84):ABSOLUTE (__DefaultInterrupt)
                  0x0000be          0x4 LONG 0x41a DEFINED (__Interrupt85)?ABSOLUTE (__Interrupt85):ABSOLUTE (__DefaultInterrupt)
                  0x0000c0          0x4 LONG 0x41a DEFINED (__Interrupt86)?ABSOLUTE (__Interrupt86):ABSOLUTE (__DefaultInterrupt)
                  0x0000c2          0x4 LONG 0x41a DEFINED (__Interrupt87)?ABSOLUTE (__Interrupt87):ABSOLUTE (__DefaultInterrupt)
                  0x0000c4          0x4 LONG 0x41a DEFINED (__Interrupt88)?ABSOLUTE (__Interrupt88):ABSOLUTE (__DefaultInterrupt)
                  0x0000c6          0x4 LONG 0x41a DEFINED (__Interrupt89)?ABSOLUTE (__Interrupt89):ABSOLUTE (__DefaultInterrupt)
                  0x0000c8          0x4 LONG 0x41a DEFINED (__Interrupt90)?ABSOLUTE (__Interrupt90):ABSOLUTE (__DefaultInterrupt)
                  0x0000ca          0x4 LONG 0x41a DEFINED (__Interrupt91)?ABSOLUTE (__Interrupt91):ABSOLUTE (__DefaultInterrupt)
                  0x0000cc          0x4 LONG 0x41a DEFINED (__Interrupt92)?ABSOLUTE (__Interrupt92):ABSOLUTE (__DefaultInterrupt)
                  0x0000ce          0x4 LONG 0x41a DEFINED (__Interrupt93)?ABSOLUTE (__Interrupt93):ABSOLUTE (__DefaultInterrupt)
                  0x0000d0          0x4 LONG 0x41a DEFINED (__PWM1Interrupt)?ABSOLUTE (__PWM1Interrupt):ABSOLUTE (__DefaultInterrupt)
                  0x0000d2          0x4 LONG 0x41a DEFINED (__PWM2Interrupt)?ABSOLUTE (__PWM2Interrupt):ABSOLUTE (__DefaultInterrupt)
                  0x0000d4          0x4 LONG 0x41a DEFINED (__PWM3Interrupt)?ABSOLUTE (__PWM3Interrupt):ABSOLUTE (__DefaultInterrupt)
                  0x0000d6          0x4 LONG 0x41a DEFINED (__PWM4Interrupt)?ABSOLUTE (__PWM4Interrupt):ABSOLUTE (__DefaultInterrupt)
                  0x0000d8          0x4 LONG 0x41a DEFINED (__PWM5Interrupt)?ABSOLUTE (__PWM5Interrupt):ABSOLUTE (__DefaultInterrupt)
                  0x0000da          0x4 LONG 0x41a DEFINED (__Interrupt99)?ABSOLUTE (__Interrupt99):ABSOLUTE (__DefaultInterrupt)
                  0x0000dc          0x4 LONG 0x41a DEFINED (__Interrupt100)?ABSOLUTE (__Interrupt100):ABSOLUTE (__DefaultInterrupt)
                  0x0000de          0x4 LONG 0x41a DEFINED (__Interrupt101)?ABSOLUTE (__Interrupt101):ABSOLUTE (__DefaultInterrupt)
                  0x0000e0          0x4 LONG 0x41a DEFINED (__Interrupt102)?ABSOLUTE (__Interrupt102):ABSOLUTE (__DefaultInterrupt)
                  0x0000e2          0x4 LONG 0x41a DEFINED (__CMP2Interrupt)?ABSOLUTE (__CMP2Interrupt):ABSOLUTE (__DefaultInterrupt)
                  0x0000e4          0x4 LONG 0x41a DEFINED (__CMP3Interrupt)?ABSOLUTE (__CMP3Interrupt):ABSOLUTE (__DefaultInterrupt)
                  0x0000e6          0x4 LONG 0x41a DEFINED (__CMP4Interrupt)?ABSOLUTE (__CMP4Interrupt):ABSOLUTE (__DefaultInterrupt)
                  0x0000e8          0x4 LONG 0x41a DEFINED (__Interrupt106)?ABSOLUTE (__Interrupt106):ABSOLUTE (__DefaultInterrupt)
                  0x0000ea          0x4 LONG 0x41a DEFINED (__Interrupt107)?ABSOLUTE (__Interrupt107):ABSOLUTE (__DefaultInterrupt)
                  0x0000ec          0x4 LONG 0x41a DEFINED (__Interrupt108)?ABSOLUTE (__Interrupt108):ABSOLUTE (__DefaultInterrupt)
                  0x0000ee          0x4 LONG 0x41a DEFINED (__Interrupt109)?ABSOLUTE (__Interrupt109):ABSOLUTE (__DefaultInterrupt)
                  0x0000f0          0x4 LONG 0x41a DEFINED (__ADCAN0Interrupt)?ABSOLUTE (__ADCAN0Interrupt):ABSOLUTE (__DefaultInterrupt)
                  0x0000f2          0x4 LONG 0x41a DEFINED (__ADCAN1Interrupt)?ABSOLUTE (__ADCAN1Interrupt):ABSOLUTE (__DefaultInterrupt)
                  0x0000f4          0x4 LONG 0x41a DEFINED (__ADCAN2Interrupt)?ABSOLUTE (__ADCAN2Interrupt):ABSOLUTE (__DefaultInterrupt)
                  0x0000f6          0x4 LONG 0x41a DEFINED (__ADCAN3Interrupt)?ABSOLUTE (__ADCAN3Interrupt):ABSOLUTE (__DefaultInterrupt)
                  0x0000f8          0x4 LONG 0x41a DEFINED (__ADCAN4Interrupt)?ABSOLUTE (__ADCAN4Interrupt):ABSOLUTE (__DefaultInterrupt)
                  0x0000fa          0x4 LONG 0x41a DEFINED (__ADCAN5Interrupt)?ABSOLUTE (__ADCAN5Interrupt):ABSOLUTE (__DefaultInterrupt)
                  0x0000fc          0x4 LONG 0x41a DEFINED (__ADCAN6Interrupt)?ABSOLUTE (__ADCAN6Interrupt):ABSOLUTE (__DefaultInterrupt)
                  0x0000fe          0x4 LONG 0x41a DEFINED (__ADCAN7Interrupt)?ABSOLUTE (__ADCAN7Interrupt):ABSOLUTE (__DefaultInterrupt)
                  0x000100          0x4 LONG 0x41a DEFINED (__Interrupt118)?ABSOLUTE (__Interrupt118):ABSOLUTE (__DefaultInterrupt)
                  0x000102          0x4 LONG 0x41a DEFINED (__Interrupt119)?ABSOLUTE (__Interrupt119):ABSOLUTE (__DefaultInterrupt)
                  0x000104          0x4 LONG 0x41a DEFINED (__Interrupt120)?ABSOLUTE (__Interrupt120):ABSOLUTE (__DefaultInterrupt)
                  0x000106          0x4 LONG 0x41a DEFINED (__Interrupt121)?ABSOLUTE (__Interrupt121):ABSOLUTE (__DefaultInterrupt)
                  0x000108          0x4 LONG 0x41a DEFINED (__Interrupt122)?ABSOLUTE (__Interrupt122):ABSOLUTE (__DefaultInterrupt)
                  0x00010a          0x4 LONG 0x41a DEFINED (__Interrupt123)?ABSOLUTE (__Interrupt123):ABSOLUTE (__DefaultInterrupt)
                  0x00010c          0x4 LONG 0x41a DEFINED (__Interrupt124)?ABSOLUTE (__Interrupt124):ABSOLUTE (__DefaultInterrupt)
                  0x00010e          0x4 LONG 0x41a DEFINED (__Interrupt125)?ABSOLUTE (__Interrupt125):ABSOLUTE (__DefaultInterrupt)
                  0x000110          0x4 LONG 0x41a DEFINED (__Interrupt126)?ABSOLUTE (__Interrupt126):ABSOLUTE (__DefaultInterrupt)
                  0x000112          0x4 LONG 0x41a DEFINED (__Interrupt127)?ABSOLUTE (__Interrupt127):ABSOLUTE (__DefaultInterrupt)
                  0x000114          0x4 LONG 0x41a DEFINED (__Interrupt128)?ABSOLUTE (__Interrupt128):ABSOLUTE (__DefaultInterrupt)
                  0x000116          0x4 LONG 0x41a DEFINED (__Interrupt129)?ABSOLUTE (__Interrupt129):ABSOLUTE (__DefaultInterrupt)
                  0x000118          0x4 LONG 0x41a DEFINED (__Interrupt130)?ABSOLUTE (__Interrupt130):ABSOLUTE (__DefaultInterrupt)
                  0x00011a          0x4 LONG 0x41a DEFINED (__Interrupt131)?ABSOLUTE (__Interrupt131):ABSOLUTE (__DefaultInterrupt)
                  0x00011c          0x4 LONG 0x41a DEFINED (__Interrupt132)?ABSOLUTE (__Interrupt132):ABSOLUTE (__DefaultInterrupt)
                  0x00011e          0x4 LONG 0x41a DEFINED (__Interrupt133)?ABSOLUTE (__Interrupt133):ABSOLUTE (__DefaultInterrupt)
                  0x000120          0x4 LONG 0x41a DEFINED (__Interrupt134)?ABSOLUTE (__Interrupt134):ABSOLUTE (__DefaultInterrupt)
                  0x000122          0x4 LONG 0x41a DEFINED (__Interrupt135)?ABSOLUTE (__Interrupt135):ABSOLUTE (__DefaultInterrupt)
                  0x000124          0x4 LONG 0x41a DEFINED (__Interrupt136)?ABSOLUTE (__Interrupt136):ABSOLUTE (__DefaultInterrupt)
                  0x000126          0x4 LONG 0x41a DEFINED (__Interrupt137)?ABSOLUTE (__Interrupt137):ABSOLUTE (__DefaultInterrupt)
                  0x000128          0x4 LONG 0x41a DEFINED (__Interrupt138)?ABSOLUTE (__Interrupt138):ABSOLUTE (__DefaultInterrupt)
                  0x00012a          0x4 LONG 0x41a DEFINED (__Interrupt139)?ABSOLUTE (__Interrupt139):ABSOLUTE (__DefaultInterrupt)
                  0x00012c          0x4 LONG 0x41a DEFINED (__Interrupt140)?ABSOLUTE (__Interrupt140):ABSOLUTE (__DefaultInterrupt)
                  0x00012e          0x4 LONG 0x41a DEFINED (__Interrupt141)?ABSOLUTE (__Interrupt141):ABSOLUTE (__DefaultInterrupt)
                  0x000130          0x4 LONG 0x41a DEFINED (__ICDInterrupt)?ABSOLUTE (__ICDInterrupt):ABSOLUTE (__DefaultInterrupt)
                  0x000132          0x4 LONG 0x41a DEFINED (__JTAGInterrupt)?ABSOLUTE (__JTAGInterrupt):ABSOLUTE (__DefaultInterrupt)
                  0x000134          0x4 LONG 0x41a DEFINED (__Interrupt144)?ABSOLUTE (__Interrupt144):ABSOLUTE (__DefaultInterrupt)
                  0x000136          0x4 LONG 0x41a DEFINED (__Interrupt145)?ABSOLUTE (__Interrupt145):ABSOLUTE (__DefaultInterrupt)
                  0x000138          0x4 LONG 0x41a DEFINED (__Interrupt146)?ABSOLUTE (__Interrupt146):ABSOLUTE (__DefaultInterrupt)
                  0x00013a          0x4 LONG 0x41a DEFINED (__Interrupt147)?ABSOLUTE (__Interrupt147):ABSOLUTE (__DefaultInterrupt)
                  0x00013c          0x4 LONG 0x41a DEFINED (__Interrupt148)?ABSOLUTE (__Interrupt148):ABSOLUTE (__DefaultInterrupt)
                  0x00013e          0x4 LONG 0x41a DEFINED (__Interrupt149)?ABSOLUTE (__Interrupt149):ABSOLUTE (__DefaultInterrupt)
                  0x000140          0x4 LONG 0x41a DEFINED (__Interrupt150)?ABSOLUTE (__Interrupt150):ABSOLUTE (__DefaultInterrupt)
                  0x000142          0x4 LONG 0x41a DEFINED (__ADCAN8Interrupt)?ABSOLUTE (__ADCAN8Interrupt):ABSOLUTE (__DefaultInterrupt)
                  0x000144          0x4 LONG 0x41a DEFINED (__ADCAN9Interrupt)?ABSOLUTE (__ADCAN9Interrupt):ABSOLUTE (__DefaultInterrupt)
                  0x000146          0x4 LONG 0x41a DEFINED (__ADCAN10Interrupt)?ABSOLUTE (__ADCAN10Interrupt):ABSOLUTE (__DefaultInterrupt)
                  0x000148          0x4 LONG 0x41a DEFINED (__ADCAN11Interrupt)?ABSOLUTE (__ADCAN11Interrupt):ABSOLUTE (__DefaultInterrupt)
                  0x00014a          0x4 LONG 0x41a DEFINED (__ADCAN12Interrupt)?ABSOLUTE (__ADCAN12Interrupt):ABSOLUTE (__DefaultInterrupt)
                  0x00014c          0x4 LONG 0x41a DEFINED (__Interrupt156)?ABSOLUTE (__Interrupt156):ABSOLUTE (__DefaultInterrupt)
                  0x00014e          0x4 LONG 0x41a DEFINED (__ADCAN14Interrupt)?ABSOLUTE (__ADCAN14Interrupt):ABSOLUTE (__DefaultInterrupt)
                  0x000150          0x4 LONG 0x41a DEFINED (__Interrupt158)?ABSOLUTE (__Interrupt158):ABSOLUTE (__DefaultInterrupt)
                  0x000152          0x4 LONG 0x41a DEFINED (__Interrupt159)?ABSOLUTE (__Interrupt159):ABSOLUTE (__DefaultInterrupt)
                  0x000154          0x4 LONG 0x41a DEFINED (__ADCAN17Interrupt)?ABSOLUTE (__ADCAN17Interrupt):ABSOLUTE (__DefaultInterrupt)
                  0x000156          0x4 LONG 0x41a DEFINED (__ADCAN18Interrupt)?ABSOLUTE (__ADCAN18Interrupt):ABSOLUTE (__DefaultInterrupt)
                  0x000158          0x4 LONG 0x41a DEFINED (__ADCAN19Interrupt)?ABSOLUTE (__ADCAN19Interrupt):ABSOLUTE (__DefaultInterrupt)
                  0x00015a          0x4 LONG 0x41a DEFINED (__ADCAN20Interrupt)?ABSOLUTE (__ADCAN20Interrupt):ABSOLUTE (__DefaultInterrupt)
                  0x00015c          0x4 LONG 0x41a DEFINED (__ADCAN21Interrupt)?ABSOLUTE (__ADCAN21Interrupt):ABSOLUTE (__DefaultInterrupt)
                  0x00015e          0x4 LONG 0x41a DEFINED (__Interrupt165)?ABSOLUTE (__Interrupt165):ABSOLUTE (__DefaultInterrupt)
                  0x000160          0x4 LONG 0x41a DEFINED (__Interrupt166)?ABSOLUTE (__Interrupt166):ABSOLUTE (__DefaultInterrupt)
                  0x000162          0x4 LONG 0x41a DEFINED (__Interrupt167)?ABSOLUTE (__Interrupt167):ABSOLUTE (__DefaultInterrupt)
                  0x000164          0x4 LONG 0x41a DEFINED (__Interrupt168)?ABSOLUTE (__Interrupt168):ABSOLUTE (__DefaultInterrupt)
                  0x000166          0x4 LONG 0x41a DEFINED (__Interrupt169)?ABSOLUTE (__Interrupt169):ABSOLUTE (__DefaultInterrupt)
                  0x000168          0x4 LONG 0x41a DEFINED (__Interrupt170)?ABSOLUTE (__Interrupt170):ABSOLUTE (__DefaultInterrupt)
                  0x00016a          0x4 LONG 0x41a DEFINED (__Interrupt171)?ABSOLUTE (__Interrupt171):ABSOLUTE (__DefaultInterrupt)
                  0x00016c          0x4 LONG 0x41a DEFINED (__Interrupt172)?ABSOLUTE (__Interrupt172):ABSOLUTE (__DefaultInterrupt)
                  0x00016e          0x4 LONG 0x41a DEFINED (__I2C1BCInterrupt)?ABSOLUTE (__I2C1BCInterrupt):ABSOLUTE (__DefaultInterrupt)
                  0x000170          0x4 LONG 0x41a DEFINED (__I2C2BCInterrupt)?ABSOLUTE (__I2C2BCInterrupt):ABSOLUTE (__DefaultInterrupt)
                  0x000172          0x4 LONG 0x41a DEFINED (__Interrupt175)?ABSOLUTE (__Interrupt175):ABSOLUTE (__DefaultInterrupt)
                  0x000174          0x4 LONG 0x41a DEFINED (__Interrupt176)?ABSOLUTE (__Interrupt176):ABSOLUTE (__DefaultInterrupt)
                  0x000176          0x4 LONG 0x41a DEFINED (__ADCMP0Interrupt)?ABSOLUTE (__ADCMP0Interrupt):ABSOLUTE (__DefaultInterrupt)
                  0x000178          0x4 LONG 0x41a DEFINED (__ADCMP1Interrupt)?ABSOLUTE (__ADCMP1Interrupt):ABSOLUTE (__DefaultInterrupt)
                  0x00017a          0x4 LONG 0x41a DEFINED (__ADFLTR0Interrupt)?ABSOLUTE (__ADFLTR0Interrupt):ABSOLUTE (__DefaultInterrupt)
                  0x00017c          0x4 LONG 0x41a DEFINED (__ADFLTR1Interrupt)?ABSOLUTE (__ADFLTR1Interrupt):ABSOLUTE (__DefaultInterrupt)

.aivt
                  0x000000          0x4 LONG 0x0
                  0x000000          0x4 LONG 0x0
                  0x000000          0x4 LONG 0x0 DEFINED (__AltOscillatorFail)?ABSOLUTE (__AltOscillatorFail):DEFINED (__OscillatorFail)?ABSOLUTE (__OscillatorFail):ABSOLUTE (__DefaultInterrupt)
                  0x000000          0x4 LONG 0x0 DEFINED (__AltAddressError)?ABSOLUTE (__AltAddressError):DEFINED (__AddressError)?ABSOLUTE (__AddressError):ABSOLUTE (__DefaultInterrupt)
                  0x000000          0x4 LONG 0x0 DEFINED (__AltHardTrapError)?ABSOLUTE (__AltHardTrapError):DEFINED (__HardTrapError)?ABSOLUTE (__HardTrapError):ABSOLUTE (__DefaultInterrupt)
                  0x000000          0x4 LONG 0x0 DEFINED (__AltStackError)?ABSOLUTE (__AltStackError):DEFINED (__StackError)?ABSOLUTE (__StackError):ABSOLUTE (__DefaultInterrupt)
                  0x000000          0x4 LONG 0x0 DEFINED (__AltMathError)?ABSOLUTE (__AltMathError):DEFINED (__MathError)?ABSOLUTE (__MathError):ABSOLUTE (__DefaultInterrupt)
                  0x000000          0x4 LONG 0x0 DEFINED (__AltReservedTrap5)?ABSOLUTE (__AltReservedTrap5):DEFINED (__ReservedTrap5)?ABSOLUTE (__ReservedTrap5):ABSOLUTE (__DefaultInterrupt)
                  0x000000          0x4 LONG 0x0 DEFINED (__AltSoftTrapError)?ABSOLUTE (__AltSoftTrapError):DEFINED (__SoftTrapError)?ABSOLUTE (__SoftTrapError):ABSOLUTE (__DefaultInterrupt)
                  0x000000          0x4 LONG 0x0 DEFINED (__AltReservedTrap7)?ABSOLUTE (__AltReservedTrap7):DEFINED (__ReservedTrap7)?ABSOLUTE (__ReservedTrap7):ABSOLUTE (__DefaultInterrupt)
                  0x000000          0x4 LONG 0x0 DEFINED (__AltINT0Interrupt)?ABSOLUTE (__AltINT0Interrupt):DEFINED (__INT0Interrupt)?ABSOLUTE (__INT0Interrupt):ABSOLUTE (__DefaultInterrupt)
                  0x000000          0x4 LONG 0x0 DEFINED (__AltIC1Interrupt)?ABSOLUTE (__AltIC1Interrupt):DEFINED (__IC1Interrupt)?ABSOLUTE (__IC1Interrupt):ABSOLUTE (__DefaultInterrupt)
                  0x000000          0x4 LONG 0x0 DEFINED (__AltOC1Interrupt)?ABSOLUTE (__AltOC1Interrupt):DEFINED (__OC1Interrupt)?ABSOLUTE (__OC1Interrupt):ABSOLUTE (__DefaultInterrupt)
                  0x000000          0x4 LONG 0x0 DEFINED (__AltT1Interrupt)?ABSOLUTE (__AltT1Interrupt):DEFINED (__T1Interrupt)?ABSOLUTE (__T1Interrupt):ABSOLUTE (__DefaultInterrupt)
                  0x000000          0x4 LONG 0x0 DEFINED (__AltInterrupt4)?ABSOLUTE (__AltInterrupt4):DEFINED (__Interrupt4)?ABSOLUTE (__Interrupt4):ABSOLUTE (__DefaultInterrupt)
                  0x000000          0x4 LONG 0x0 DEFINED (__AltIC2Interrupt)?ABSOLUTE (__AltIC2Interrupt):DEFINED (__IC2Interrupt)?ABSOLUTE (__IC2Interrupt):ABSOLUTE (__DefaultInterrupt)
                  0x000000          0x4 LONG 0x0 DEFINED (__AltOC2Interrupt)?ABSOLUTE (__AltOC2Interrupt):DEFINED (__OC2Interrupt)?ABSOLUTE (__OC2Interrupt):ABSOLUTE (__DefaultInterrupt)
                  0x000000          0x4 LONG 0x0 DEFINED (__AltT2Interrupt)?ABSOLUTE (__AltT2Interrupt):DEFINED (__T2Interrupt)?ABSOLUTE (__T2Interrupt):ABSOLUTE (__DefaultInterrupt)
                  0x000000          0x4 LONG 0x0 DEFINED (__AltT3Interrupt)?ABSOLUTE (__AltT3Interrupt):DEFINED (__T3Interrupt)?ABSOLUTE (__T3Interrupt):ABSOLUTE (__DefaultInterrupt)
                  0x000000          0x4 LONG 0x0 DEFINED (__AltSPI1ErrInterrupt)?ABSOLUTE (__AltSPI1ErrInterrupt):DEFINED (__SPI1ErrInterrupt)?ABSOLUTE (__SPI1ErrInterrupt):ABSOLUTE (__DefaultInterrupt)
                  0x000000          0x4 LONG 0x0 DEFINED (__AltSPI1Interrupt)?ABSOLUTE (__AltSPI1Interrupt):DEFINED (__SPI1Interrupt)?ABSOLUTE (__SPI1Interrupt):ABSOLUTE (__DefaultInterrupt)
                  0x000000          0x4 LONG 0x0 DEFINED (__AltU1RXInterrupt)?ABSOLUTE (__AltU1RXInterrupt):DEFINED (__U1RXInterrupt)?ABSOLUTE (__U1RXInterrupt):ABSOLUTE (__DefaultInterrupt)
                  0x000000          0x4 LONG 0x0 DEFINED (__AltU1TXInterrupt)?ABSOLUTE (__AltU1TXInterrupt):DEFINED (__U1TXInterrupt)?ABSOLUTE (__U1TXInterrupt):ABSOLUTE (__DefaultInterrupt)
                  0x000000          0x4 LONG 0x0 DEFINED (__AltAD1Interrupt)?ABSOLUTE (__AltAD1Interrupt):DEFINED (__AD1Interrupt)?ABSOLUTE (__AD1Interrupt):ABSOLUTE (__DefaultInterrupt)
                  0x000000          0x4 LONG 0x0 DEFINED (__AltInterrupt14)?ABSOLUTE (__AltInterrupt14):DEFINED (__Interrupt14)?ABSOLUTE (__Interrupt14):ABSOLUTE (__DefaultInterrupt)
                  0x000000          0x4 LONG 0x0 DEFINED (__AltNVMInterrupt)?ABSOLUTE (__AltNVMInterrupt):DEFINED (__NVMInterrupt)?ABSOLUTE (__NVMInterrupt):ABSOLUTE (__DefaultInterrupt)
                  0x000000          0x4 LONG 0x0 DEFINED (__AltSI2C1Interrupt)?ABSOLUTE (__AltSI2C1Interrupt):DEFINED (__SI2C1Interrupt)?ABSOLUTE (__SI2C1Interrupt):ABSOLUTE (__DefaultInterrupt)
                  0x000000          0x4 LONG 0x0 DEFINED (__AltMI2C1Interrupt)?ABSOLUTE (__AltMI2C1Interrupt):DEFINED (__MI2C1Interrupt)?ABSOLUTE (__MI2C1Interrupt):ABSOLUTE (__DefaultInterrupt)
                  0x000000          0x4 LONG 0x0 DEFINED (__AltCMP1Interrupt)?ABSOLUTE (__AltCMP1Interrupt):DEFINED (__CMP1Interrupt)?ABSOLUTE (__CMP1Interrupt):ABSOLUTE (__DefaultInterrupt)
                  0x000000          0x4 LONG 0x0 DEFINED (__AltCNInterrupt)?ABSOLUTE (__AltCNInterrupt):DEFINED (__CNInterrupt)?ABSOLUTE (__CNInterrupt):ABSOLUTE (__DefaultInterrupt)
                  0x000000          0x4 LONG 0x0 DEFINED (__AltINT1Interrupt)?ABSOLUTE (__AltINT1Interrupt):DEFINED (__INT1Interrupt)?ABSOLUTE (__INT1Interrupt):ABSOLUTE (__DefaultInterrupt)
                  0x000000          0x4 LONG 0x0 DEFINED (__AltInterrupt21)?ABSOLUTE (__AltInterrupt21):DEFINED (__Interrupt21)?ABSOLUTE (__Interrupt21):ABSOLUTE (__DefaultInterrupt)
                  0x000000          0x4 LONG 0x0 DEFINED (__AltInterrupt22)?ABSOLUTE (__AltInterrupt22):DEFINED (__Interrupt22)?ABSOLUTE (__Interrupt22):ABSOLUTE (__DefaultInterrupt)
                  0x000000          0x4 LONG 0x0 DEFINED (__AltInterrupt23)?ABSOLUTE (__AltInterrupt23):DEFINED (__Interrupt23)?ABSOLUTE (__Interrupt23):ABSOLUTE (__DefaultInterrupt)
                  0x000000          0x4 LONG 0x0 DEFINED (__AltInterrupt24)?ABSOLUTE (__AltInterrupt24):DEFINED (__Interrupt24)?ABSOLUTE (__Interrupt24):ABSOLUTE (__DefaultInterrupt)
                  0x000000          0x4 LONG 0x0 DEFINED (__AltOC3Interrupt)?ABSOLUTE (__AltOC3Interrupt):DEFINED (__OC3Interrupt)?ABSOLUTE (__OC3Interrupt):ABSOLUTE (__DefaultInterrupt)
                  0x000000          0x4 LONG 0x0 DEFINED (__AltOC4Interrupt)?ABSOLUTE (__AltOC4Interrupt):DEFINED (__OC4Interrupt)?ABSOLUTE (__OC4Interrupt):ABSOLUTE (__DefaultInterrupt)
                  0x000000          0x4 LONG 0x0 DEFINED (__AltT4Interrupt)?ABSOLUTE (__AltT4Interrupt):DEFINED (__T4Interrupt)?ABSOLUTE (__T4Interrupt):ABSOLUTE (__DefaultInterrupt)
                  0x000000          0x4 LONG 0x0 DEFINED (__AltT5Interrupt)?ABSOLUTE (__AltT5Interrupt):DEFINED (__T5Interrupt)?ABSOLUTE (__T5Interrupt):ABSOLUTE (__DefaultInterrupt)
                  0x000000          0x4 LONG 0x0 DEFINED (__AltINT2Interrupt)?ABSOLUTE (__AltINT2Interrupt):DEFINED (__INT2Interrupt)?ABSOLUTE (__INT2Interrupt):ABSOLUTE (__DefaultInterrupt)
                  0x000000          0x4 LONG 0x0 DEFINED (__AltU2RXInterrupt)?ABSOLUTE (__AltU2RXInterrupt):DEFINED (__U2RXInterrupt)?ABSOLUTE (__U2RXInterrupt):ABSOLUTE (__DefaultInterrupt)
                  0x000000          0x4 LONG 0x0 DEFINED (__AltU2TXInterrupt)?ABSOLUTE (__AltU2TXInterrupt):DEFINED (__U2TXInterrupt)?ABSOLUTE (__U2TXInterrupt):ABSOLUTE (__DefaultInterrupt)
                  0x000000          0x4 LONG 0x0 DEFINED (__AltSPI2ErrInterrupt)?ABSOLUTE (__AltSPI2ErrInterrupt):DEFINED (__SPI2ErrInterrupt)?ABSOLUTE (__SPI2ErrInterrupt):ABSOLUTE (__DefaultInterrupt)
                  0x000000          0x4 LONG 0x0 DEFINED (__AltSPI2Interrupt)?ABSOLUTE (__AltSPI2Interrupt):DEFINED (__SPI2Interrupt)?ABSOLUTE (__SPI2Interrupt):ABSOLUTE (__DefaultInterrupt)
                  0x000000          0x4 LONG 0x0 DEFINED (__AltInterrupt34)?ABSOLUTE (__AltInterrupt34):DEFINED (__Interrupt34)?ABSOLUTE (__Interrupt34):ABSOLUTE (__DefaultInterrupt)
                  0x000000          0x4 LONG 0x0 DEFINED (__AltInterrupt35)?ABSOLUTE (__AltInterrupt35):DEFINED (__Interrupt35)?ABSOLUTE (__Interrupt35):ABSOLUTE (__DefaultInterrupt)
                  0x000000          0x4 LONG 0x0 DEFINED (__AltInterrupt36)?ABSOLUTE (__AltInterrupt36):DEFINED (__Interrupt36)?ABSOLUTE (__Interrupt36):ABSOLUTE (__DefaultInterrupt)
                  0x000000          0x4 LONG 0x0 DEFINED (__AltIC3Interrupt)?ABSOLUTE (__AltIC3Interrupt):DEFINED (__IC3Interrupt)?ABSOLUTE (__IC3Interrupt):ABSOLUTE (__DefaultInterrupt)
                  0x000000          0x4 LONG 0x0 DEFINED (__AltIC4Interrupt)?ABSOLUTE (__AltIC4Interrupt):DEFINED (__IC4Interrupt)?ABSOLUTE (__IC4Interrupt):ABSOLUTE (__DefaultInterrupt)
                  0x000000          0x4 LONG 0x0 DEFINED (__AltInterrupt39)?ABSOLUTE (__AltInterrupt39):DEFINED (__Interrupt39)?ABSOLUTE (__Interrupt39):ABSOLUTE (__DefaultInterrupt)
                  0x000000          0x4 LONG 0x0 DEFINED (__AltInterrupt40)?ABSOLUTE (__AltInterrupt40):DEFINED (__Interrupt40)?ABSOLUTE (__Interrupt40):ABSOLUTE (__DefaultInterrupt)
                  0x000000          0x4 LONG 0x0 DEFINED (__AltInterrupt41)?ABSOLUTE (__AltInterrupt41):DEFINED (__Interrupt41)?ABSOLUTE (__Interrupt41):ABSOLUTE (__DefaultInterrupt)
                  0x000000          0x4 LONG 0x0 DEFINED (__AltInterrupt42)?ABSOLUTE (__AltInterrupt42):DEFINED (__Interrupt42)?ABSOLUTE (__Interrupt42):ABSOLUTE (__DefaultInterrupt)
                  0x000000          0x4 LONG 0x0 DEFINED (__AltInterrupt43)?ABSOLUTE (__AltInterrupt43):DEFINED (__Interrupt43)?ABSOLUTE (__Interrupt43):ABSOLUTE (__DefaultInterrupt)
                  0x000000          0x4 LONG 0x0 DEFINED (__AltInterrupt44)?ABSOLUTE (__AltInterrupt44):DEFINED (__Interrupt44)?ABSOLUTE (__Interrupt44):ABSOLUTE (__DefaultInterrupt)
                  0x000000          0x4 LONG 0x0 DEFINED (__AltInterrupt45)?ABSOLUTE (__AltInterrupt45):DEFINED (__Interrupt45)?ABSOLUTE (__Interrupt45):ABSOLUTE (__DefaultInterrupt)
                  0x000000          0x4 LONG 0x0 DEFINED (__AltInterrupt46)?ABSOLUTE (__AltInterrupt46):DEFINED (__Interrupt46)?ABSOLUTE (__Interrupt46):ABSOLUTE (__DefaultInterrupt)
                  0x000000          0x4 LONG 0x0 DEFINED (__AltInterrupt47)?ABSOLUTE (__AltInterrupt47):DEFINED (__Interrupt47)?ABSOLUTE (__Interrupt47):ABSOLUTE (__DefaultInterrupt)
                  0x000000          0x4 LONG 0x0 DEFINED (__AltInterrupt48)?ABSOLUTE (__AltInterrupt48):DEFINED (__Interrupt48)?ABSOLUTE (__Interrupt48):ABSOLUTE (__DefaultInterrupt)
                  0x000000          0x4 LONG 0x0 DEFINED (__AltSI2C2Interrupt)?ABSOLUTE (__AltSI2C2Interrupt):DEFINED (__SI2C2Interrupt)?ABSOLUTE (__SI2C2Interrupt):ABSOLUTE (__DefaultInterrupt)
                  0x000000          0x4 LONG 0x0 DEFINED (__AltMI2C2Interrupt)?ABSOLUTE (__AltMI2C2Interrupt):DEFINED (__MI2C2Interrupt)?ABSOLUTE (__MI2C2Interrupt):ABSOLUTE (__DefaultInterrupt)
                  0x000000          0x4 LONG 0x0 DEFINED (__AltInterrupt51)?ABSOLUTE (__AltInterrupt51):DEFINED (__Interrupt51)?ABSOLUTE (__Interrupt51):ABSOLUTE (__DefaultInterrupt)
                  0x000000          0x4 LONG 0x0 DEFINED (__AltInterrupt52)?ABSOLUTE (__AltInterrupt52):DEFINED (__Interrupt52)?ABSOLUTE (__Interrupt52):ABSOLUTE (__DefaultInterrupt)
                  0x000000          0x4 LONG 0x0 DEFINED (__AltInterrupt53)?ABSOLUTE (__AltInterrupt53):DEFINED (__Interrupt53)?ABSOLUTE (__Interrupt53):ABSOLUTE (__DefaultInterrupt)
                  0x000000          0x4 LONG 0x0 DEFINED (__AltINT4Interrupt)?ABSOLUTE (__AltINT4Interrupt):DEFINED (__INT4Interrupt)?ABSOLUTE (__INT4Interrupt):ABSOLUTE (__DefaultInterrupt)
                  0x000000          0x4 LONG 0x0 DEFINED (__AltInterrupt55)?ABSOLUTE (__AltInterrupt55):DEFINED (__Interrupt55)?ABSOLUTE (__Interrupt55):ABSOLUTE (__DefaultInterrupt)
                  0x000000          0x4 LONG 0x0 DEFINED (__AltInterrupt56)?ABSOLUTE (__AltInterrupt56):DEFINED (__Interrupt56)?ABSOLUTE (__Interrupt56):ABSOLUTE (__DefaultInterrupt)
                  0x000000          0x4 LONG 0x0 DEFINED (__AltPWMSpEventMatchInterrupt)?ABSOLUTE (__AltPWMSpEventMatchInterrupt):DEFINED (__PWMSpEventMatchInterrupt)?ABSOLUTE (__PWMSpEventMatchInterrupt):ABSOLUTE (__DefaultInterrupt)
                  0x000000          0x4 LONG 0x0 DEFINED (__AltInterrupt58)?ABSOLUTE (__AltInterrupt58):DEFINED (__Interrupt58)?ABSOLUTE (__Interrupt58):ABSOLUTE (__DefaultInterrupt)
                  0x000000          0x4 LONG 0x0 DEFINED (__AltInterrupt59)?ABSOLUTE (__AltInterrupt59):DEFINED (__Interrupt59)?ABSOLUTE (__Interrupt59):ABSOLUTE (__DefaultInterrupt)
                  0x000000          0x4 LONG 0x0 DEFINED (__AltInterrupt60)?ABSOLUTE (__AltInterrupt60):DEFINED (__Interrupt60)?ABSOLUTE (__Interrupt60):ABSOLUTE (__DefaultInterrupt)
                  0x000000          0x4 LONG 0x0 DEFINED (__AltInterrupt61)?ABSOLUTE (__AltInterrupt61):DEFINED (__Interrupt61)?ABSOLUTE (__Interrupt61):ABSOLUTE (__DefaultInterrupt)
                  0x000000          0x4 LONG 0x0 DEFINED (__AltInterrupt62)?ABSOLUTE (__AltInterrupt62):DEFINED (__Interrupt62)?ABSOLUTE (__Interrupt62):ABSOLUTE (__DefaultInterrupt)
                  0x000000          0x4 LONG 0x0 DEFINED (__AltInterrupt63)?ABSOLUTE (__AltInterrupt63):DEFINED (__Interrupt63)?ABSOLUTE (__Interrupt63):ABSOLUTE (__DefaultInterrupt)
                  0x000000          0x4 LONG 0x0 DEFINED (__AltInterrupt64)?ABSOLUTE (__AltInterrupt64):DEFINED (__Interrupt64)?ABSOLUTE (__Interrupt64):ABSOLUTE (__DefaultInterrupt)
                  0x000000          0x4 LONG 0x0 DEFINED (__AltU1ErrInterrupt)?ABSOLUTE (__AltU1ErrInterrupt):DEFINED (__U1ErrInterrupt)?ABSOLUTE (__U1ErrInterrupt):ABSOLUTE (__DefaultInterrupt)
                  0x000000          0x4 LONG 0x0 DEFINED (__AltU2ErrInterrupt)?ABSOLUTE (__AltU2ErrInterrupt):DEFINED (__U2ErrInterrupt)?ABSOLUTE (__U2ErrInterrupt):ABSOLUTE (__DefaultInterrupt)
                  0x000000          0x4 LONG 0x0 DEFINED (__AltInterrupt67)?ABSOLUTE (__AltInterrupt67):DEFINED (__Interrupt67)?ABSOLUTE (__Interrupt67):ABSOLUTE (__DefaultInterrupt)
                  0x000000          0x4 LONG 0x0 DEFINED (__AltInterrupt68)?ABSOLUTE (__AltInterrupt68):DEFINED (__Interrupt68)?ABSOLUTE (__Interrupt68):ABSOLUTE (__DefaultInterrupt)
                  0x000000          0x4 LONG 0x0 DEFINED (__AltInterrupt69)?ABSOLUTE (__AltInterrupt69):DEFINED (__Interrupt69)?ABSOLUTE (__Interrupt69):ABSOLUTE (__DefaultInterrupt)
                  0x000000          0x4 LONG 0x0 DEFINED (__AltInterrupt70)?ABSOLUTE (__AltInterrupt70):DEFINED (__Interrupt70)?ABSOLUTE (__Interrupt70):ABSOLUTE (__DefaultInterrupt)
                  0x000000          0x4 LONG 0x0 DEFINED (__AltInterrupt71)?ABSOLUTE (__AltInterrupt71):DEFINED (__Interrupt71)?ABSOLUTE (__Interrupt71):ABSOLUTE (__DefaultInterrupt)
                  0x000000          0x4 LONG 0x0 DEFINED (__AltInterrupt72)?ABSOLUTE (__AltInterrupt72):DEFINED (__Interrupt72)?ABSOLUTE (__Interrupt72):ABSOLUTE (__DefaultInterrupt)
                  0x000000          0x4 LONG 0x0 DEFINED (__AltPWMSecSpEventMatchInterrupt)?ABSOLUTE (__AltPWMSecSpEventMatchInterrupt):DEFINED (__PWMSecSpEventMatchInterrupt)?ABSOLUTE (__PWMSecSpEventMatchInterrupt):ABSOLUTE (__DefaultInterrupt)
                  0x000000          0x4 LONG 0x0 DEFINED (__AltInterrupt74)?ABSOLUTE (__AltInterrupt74):DEFINED (__Interrupt74)?ABSOLUTE (__Interrupt74):ABSOLUTE (__DefaultInterrupt)
                  0x000000          0x4 LONG 0x0 DEFINED (__AltInterrupt75)?ABSOLUTE (__AltInterrupt75):DEFINED (__Interrupt75)?ABSOLUTE (__Interrupt75):ABSOLUTE (__DefaultInterrupt)
                  0x000000          0x4 LONG 0x0 DEFINED (__AltInterrupt76)?ABSOLUTE (__AltInterrupt76):DEFINED (__Interrupt76)?ABSOLUTE (__Interrupt76):ABSOLUTE (__DefaultInterrupt)
                  0x000000          0x4 LONG 0x0 DEFINED (__AltInterrupt77)?ABSOLUTE (__AltInterrupt77):DEFINED (__Interrupt77)?ABSOLUTE (__Interrupt77):ABSOLUTE (__DefaultInterrupt)
                  0x000000          0x4 LONG 0x0 DEFINED (__AltInterrupt78)?ABSOLUTE (__AltInterrupt78):DEFINED (__Interrupt78)?ABSOLUTE (__Interrupt78):ABSOLUTE (__DefaultInterrupt)
                  0x000000          0x4 LONG 0x0 DEFINED (__AltInterrupt79)?ABSOLUTE (__AltInterrupt79):DEFINED (__Interrupt79)?ABSOLUTE (__Interrupt79):ABSOLUTE (__DefaultInterrupt)
                  0x000000          0x4 LONG 0x0 DEFINED (__AltInterrupt80)?ABSOLUTE (__AltInterrupt80):DEFINED (__Interrupt80)?ABSOLUTE (__Interrupt80):ABSOLUTE (__DefaultInterrupt)
                  0x000000          0x4 LONG 0x0 DEFINED (__AltInterrupt81)?ABSOLUTE (__AltInterrupt81):DEFINED (__Interrupt81)?ABSOLUTE (__Interrupt81):ABSOLUTE (__DefaultInterrupt)
                  0x000000          0x4 LONG 0x0 DEFINED (__AltInterrupt82)?ABSOLUTE (__AltInterrupt82):DEFINED (__Interrupt82)?ABSOLUTE (__Interrupt82):ABSOLUTE (__DefaultInterrupt)
                  0x000000          0x4 LONG 0x0 DEFINED (__AltInterrupt83)?ABSOLUTE (__AltInterrupt83):DEFINED (__Interrupt83)?ABSOLUTE (__Interrupt83):ABSOLUTE (__DefaultInterrupt)
                  0x000000          0x4 LONG 0x0 DEFINED (__AltInterrupt84)?ABSOLUTE (__AltInterrupt84):DEFINED (__Interrupt84)?ABSOLUTE (__Interrupt84):ABSOLUTE (__DefaultInterrupt)
                  0x000000          0x4 LONG 0x0 DEFINED (__AltInterrupt85)?ABSOLUTE (__AltInterrupt85):DEFINED (__Interrupt85)?ABSOLUTE (__Interrupt85):ABSOLUTE (__DefaultInterrupt)
                  0x000000          0x4 LONG 0x0 DEFINED (__AltInterrupt86)?ABSOLUTE (__AltInterrupt86):DEFINED (__Interrupt86)?ABSOLUTE (__Interrupt86):ABSOLUTE (__DefaultInterrupt)
                  0x000000          0x4 LONG 0x0 DEFINED (__AltInterrupt87)?ABSOLUTE (__AltInterrupt87):DEFINED (__Interrupt87)?ABSOLUTE (__Interrupt87):ABSOLUTE (__DefaultInterrupt)
                  0x000000          0x4 LONG 0x0 DEFINED (__AltInterrupt88)?ABSOLUTE (__AltInterrupt88):DEFINED (__Interrupt88)?ABSOLUTE (__Interrupt88):ABSOLUTE (__DefaultInterrupt)
                  0x000000          0x4 LONG 0x0 DEFINED (__AltInterrupt89)?ABSOLUTE (__AltInterrupt89):DEFINED (__Interrupt89)?ABSOLUTE (__Interrupt89):ABSOLUTE (__DefaultInterrupt)
                  0x000000          0x4 LONG 0x0 DEFINED (__AltInterrupt90)?ABSOLUTE (__AltInterrupt90):DEFINED (__Interrupt90)?ABSOLUTE (__Interrupt90):ABSOLUTE (__DefaultInterrupt)
                  0x000000          0x4 LONG 0x0 DEFINED (__AltInterrupt91)?ABSOLUTE (__AltInterrupt91):DEFINED (__Interrupt91)?ABSOLUTE (__Interrupt91):ABSOLUTE (__DefaultInterrupt)
                  0x000000          0x4 LONG 0x0 DEFINED (__AltInterrupt92)?ABSOLUTE (__AltInterrupt92):DEFINED (__Interrupt92)?ABSOLUTE (__Interrupt92):ABSOLUTE (__DefaultInterrupt)
                  0x000000          0x4 LONG 0x0 DEFINED (__AltInterrupt93)?ABSOLUTE (__AltInterrupt93):DEFINED (__Interrupt93)?ABSOLUTE (__Interrupt93):ABSOLUTE (__DefaultInterrupt)
                  0x000000          0x4 LONG 0x0 DEFINED (__AltPWM1Interrupt)?ABSOLUTE (__AltPWM1Interrupt):DEFINED (__PWM1Interrupt)?ABSOLUTE (__PWM1Interrupt):ABSOLUTE (__DefaultInterrupt)
                  0x000000          0x4 LONG 0x0 DEFINED (__AltPWM2Interrupt)?ABSOLUTE (__AltPWM2Interrupt):DEFINED (__PWM2Interrupt)?ABSOLUTE (__PWM2Interrupt):ABSOLUTE (__DefaultInterrupt)
                  0x000000          0x4 LONG 0x0 DEFINED (__AltPWM3Interrupt)?ABSOLUTE (__AltPWM3Interrupt):DEFINED (__PWM3Interrupt)?ABSOLUTE (__PWM3Interrupt):ABSOLUTE (__DefaultInterrupt)
                  0x000000          0x4 LONG 0x0 DEFINED (__AltPWM4Interrupt)?ABSOLUTE (__AltPWM4Interrupt):DEFINED (__PWM4Interrupt)?ABSOLUTE (__PWM4Interrupt):ABSOLUTE (__DefaultInterrupt)
                  0x000000          0x4 LONG 0x0 DEFINED (__AltPWM5Interrupt)?ABSOLUTE (__AltPWM5Interrupt):DEFINED (__PWM5Interrupt)?ABSOLUTE (__PWM5Interrupt):ABSOLUTE (__DefaultInterrupt)
                  0x000000          0x4 LONG 0x0 DEFINED (__AltInterrupt99)?ABSOLUTE (__AltInterrupt99):DEFINED (__Interrupt99)?ABSOLUTE (__Interrupt99):ABSOLUTE (__DefaultInterrupt)
                  0x000000          0x4 LONG 0x0 DEFINED (__AltInterrupt100)?ABSOLUTE (__AltInterrupt100):DEFINED (__Interrupt100)?ABSOLUTE (__Interrupt100):ABSOLUTE (__DefaultInterrupt)
                  0x000000          0x4 LONG 0x0 DEFINED (__AltInterrupt101)?ABSOLUTE (__AltInterrupt101):DEFINED (__Interrupt101)?ABSOLUTE (__Interrupt101):ABSOLUTE (__DefaultInterrupt)
                  0x000000          0x4 LONG 0x0 DEFINED (__AltInterrupt102)?ABSOLUTE (__AltInterrupt102):DEFINED (__Interrupt102)?ABSOLUTE (__Interrupt102):ABSOLUTE (__DefaultInterrupt)
                  0x000000          0x4 LONG 0x0 DEFINED (__AltCMP2Interrupt)?ABSOLUTE (__AltCMP2Interrupt):DEFINED (__CMP2Interrupt)?ABSOLUTE (__CMP2Interrupt):ABSOLUTE (__DefaultInterrupt)
                  0x000000          0x4 LONG 0x0 DEFINED (__AltCMP3Interrupt)?ABSOLUTE (__AltCMP3Interrupt):DEFINED (__CMP3Interrupt)?ABSOLUTE (__CMP3Interrupt):ABSOLUTE (__DefaultInterrupt)
                  0x000000          0x4 LONG 0x0 DEFINED (__AltCMP4Interrupt)?ABSOLUTE (__AltCMP4Interrupt):DEFINED (__CMP4Interrupt)?ABSOLUTE (__CMP4Interrupt):ABSOLUTE (__DefaultInterrupt)
                  0x000000          0x4 LONG 0x0 DEFINED (__AltInterrupt106)?ABSOLUTE (__AltInterrupt106):DEFINED (__Interrupt106)?ABSOLUTE (__Interrupt106):ABSOLUTE (__DefaultInterrupt)
                  0x000000          0x4 LONG 0x0 DEFINED (__AltInterrupt107)?ABSOLUTE (__AltInterrupt107):DEFINED (__Interrupt107)?ABSOLUTE (__Interrupt107):ABSOLUTE (__DefaultInterrupt)
                  0x000000          0x4 LONG 0x0 DEFINED (__AltInterrupt108)?ABSOLUTE (__AltInterrupt108):DEFINED (__Interrupt108)?ABSOLUTE (__Interrupt108):ABSOLUTE (__DefaultInterrupt)
                  0x000000          0x4 LONG 0x0 DEFINED (__AltInterrupt109)?ABSOLUTE (__AltInterrupt109):DEFINED (__Interrupt109)?ABSOLUTE (__Interrupt109):ABSOLUTE (__DefaultInterrupt)
                  0x000000          0x4 LONG 0x0 DEFINED (__AltADCAN0Interrupt)?ABSOLUTE (__AltADCAN0Interrupt):DEFINED (__ADCAN0Interrupt)?ABSOLUTE (__ADCAN0Interrupt):ABSOLUTE (__DefaultInterrupt)
                  0x000000          0x4 LONG 0x0 DEFINED (__AltADCAN1Interrupt)?ABSOLUTE (__AltADCAN1Interrupt):DEFINED (__ADCAN1Interrupt)?ABSOLUTE (__ADCAN1Interrupt):ABSOLUTE (__DefaultInterrupt)
                  0x000000          0x4 LONG 0x0 DEFINED (__AltADCAN2Interrupt)?ABSOLUTE (__AltADCAN2Interrupt):DEFINED (__ADCAN2Interrupt)?ABSOLUTE (__ADCAN2Interrupt):ABSOLUTE (__DefaultInterrupt)
                  0x000000          0x4 LONG 0x0 DEFINED (__AltADCAN3Interrupt)?ABSOLUTE (__AltADCAN3Interrupt):DEFINED (__ADCAN3Interrupt)?ABSOLUTE (__ADCAN3Interrupt):ABSOLUTE (__DefaultInterrupt)
                  0x000000          0x4 LONG 0x0 DEFINED (__AltADCAN4Interrupt)?ABSOLUTE (__AltADCAN4Interrupt):DEFINED (__ADCAN4Interrupt)?ABSOLUTE (__ADCAN4Interrupt):ABSOLUTE (__DefaultInterrupt)
                  0x000000          0x4 LONG 0x0 DEFINED (__AltADCAN5Interrupt)?ABSOLUTE (__AltADCAN5Interrupt):DEFINED (__ADCAN5Interrupt)?ABSOLUTE (__ADCAN5Interrupt):ABSOLUTE (__DefaultInterrupt)
                  0x000000          0x4 LONG 0x0 DEFINED (__AltADCAN6Interrupt)?ABSOLUTE (__AltADCAN6Interrupt):DEFINED (__ADCAN6Interrupt)?ABSOLUTE (__ADCAN6Interrupt):ABSOLUTE (__DefaultInterrupt)
                  0x000000          0x4 LONG 0x0 DEFINED (__AltADCAN7Interrupt)?ABSOLUTE (__AltADCAN7Interrupt):DEFINED (__ADCAN7Interrupt)?ABSOLUTE (__ADCAN7Interrupt):ABSOLUTE (__DefaultInterrupt)
                  0x000000          0x4 LONG 0x0 DEFINED (__AltInterrupt118)?ABSOLUTE (__AltInterrupt118):DEFINED (__Interrupt118)?ABSOLUTE (__Interrupt118):ABSOLUTE (__DefaultInterrupt)
                  0x000000          0x4 LONG 0x0 DEFINED (__AltInterrupt119)?ABSOLUTE (__AltInterrupt119):DEFINED (__Interrupt119)?ABSOLUTE (__Interrupt119):ABSOLUTE (__DefaultInterrupt)
                  0x000000          0x4 LONG 0x0 DEFINED (__AltInterrupt120)?ABSOLUTE (__AltInterrupt120):DEFINED (__Interrupt120)?ABSOLUTE (__Interrupt120):ABSOLUTE (__DefaultInterrupt)
                  0x000000          0x4 LONG 0x0 DEFINED (__AltInterrupt121)?ABSOLUTE (__AltInterrupt121):DEFINED (__Interrupt121)?ABSOLUTE (__Interrupt121):ABSOLUTE (__DefaultInterrupt)
                  0x000000          0x4 LONG 0x0 DEFINED (__AltInterrupt122)?ABSOLUTE (__AltInterrupt122):DEFINED (__Interrupt122)?ABSOLUTE (__Interrupt122):ABSOLUTE (__DefaultInterrupt)
                  0x000000          0x4 LONG 0x0 DEFINED (__AltInterrupt123)?ABSOLUTE (__AltInterrupt123):DEFINED (__Interrupt123)?ABSOLUTE (__Interrupt123):ABSOLUTE (__DefaultInterrupt)
                  0x000000          0x4 LONG 0x0 DEFINED (__AltInterrupt124)?ABSOLUTE (__AltInterrupt124):DEFINED (__Interrupt124)?ABSOLUTE (__Interrupt124):ABSOLUTE (__DefaultInterrupt)
                  0x000000          0x4 LONG 0x0 DEFINED (__AltInterrupt125)?ABSOLUTE (__AltInterrupt125):DEFINED (__Interrupt125)?ABSOLUTE (__Interrupt125):ABSOLUTE (__DefaultInterrupt)
                  0x000000          0x4 LONG 0x0 DEFINED (__AltInterrupt126)?ABSOLUTE (__AltInterrupt126):DEFINED (__Interrupt126)?ABSOLUTE (__Interrupt126):ABSOLUTE (__DefaultInterrupt)
                  0x000000          0x4 LONG 0x0 DEFINED (__AltInterrupt127)?ABSOLUTE (__AltInterrupt127):DEFINED (__Interrupt127)?ABSOLUTE (__Interrupt127):ABSOLUTE (__DefaultInterrupt)
                  0x000000          0x4 LONG 0x0 DEFINED (__AltInterrupt128)?ABSOLUTE (__AltInterrupt128):DEFINED (__Interrupt128)?ABSOLUTE (__Interrupt128):ABSOLUTE (__DefaultInterrupt)
                  0x000000          0x4 LONG 0x0 DEFINED (__AltInterrupt129)?ABSOLUTE (__AltInterrupt129):DEFINED (__Interrupt129)?ABSOLUTE (__Interrupt129):ABSOLUTE (__DefaultInterrupt)
                  0x000000          0x4 LONG 0x0 DEFINED (__AltInterrupt130)?ABSOLUTE (__AltInterrupt130):DEFINED (__Interrupt130)?ABSOLUTE (__Interrupt130):ABSOLUTE (__DefaultInterrupt)
                  0x000000          0x4 LONG 0x0 DEFINED (__AltInterrupt131)?ABSOLUTE (__AltInterrupt131):DEFINED (__Interrupt131)?ABSOLUTE (__Interrupt131):ABSOLUTE (__DefaultInterrupt)
                  0x000000          0x4 LONG 0x0 DEFINED (__AltInterrupt132)?ABSOLUTE (__AltInterrupt132):DEFINED (__Interrupt132)?ABSOLUTE (__Interrupt132):ABSOLUTE (__DefaultInterrupt)
                  0x000000          0x4 LONG 0x0 DEFINED (__AltInterrupt133)?ABSOLUTE (__AltInterrupt133):DEFINED (__Interrupt133)?ABSOLUTE (__Interrupt133):ABSOLUTE (__DefaultInterrupt)
                  0x000000          0x4 LONG 0x0 DEFINED (__AltInterrupt134)?ABSOLUTE (__AltInterrupt134):DEFINED (__Interrupt134)?ABSOLUTE (__Interrupt134):ABSOLUTE (__DefaultInterrupt)
                  0x000000          0x4 LONG 0x0 DEFINED (__AltInterrupt135)?ABSOLUTE (__AltInterrupt135):DEFINED (__Interrupt135)?ABSOLUTE (__Interrupt135):ABSOLUTE (__DefaultInterrupt)
                  0x000000          0x4 LONG 0x0 DEFINED (__AltInterrupt136)?ABSOLUTE (__AltInterrupt136):DEFINED (__Interrupt136)?ABSOLUTE (__Interrupt136):ABSOLUTE (__DefaultInterrupt)
                  0x000000          0x4 LONG 0x0 DEFINED (__AltInterrupt137)?ABSOLUTE (__AltInterrupt137):DEFINED (__Interrupt137)?ABSOLUTE (__Interrupt137):ABSOLUTE (__DefaultInterrupt)
                  0x000000          0x4 LONG 0x0 DEFINED (__AltInterrupt138)?ABSOLUTE (__AltInterrupt138):DEFINED (__Interrupt138)?ABSOLUTE (__Interrupt138):ABSOLUTE (__DefaultInterrupt)
                  0x000000          0x4 LONG 0x0 DEFINED (__AltInterrupt139)?ABSOLUTE (__AltInterrupt139):DEFINED (__Interrupt139)?ABSOLUTE (__Interrupt139):ABSOLUTE (__DefaultInterrupt)
                  0x000000          0x4 LONG 0x0 DEFINED (__AltInterrupt140)?ABSOLUTE (__AltInterrupt140):DEFINED (__Interrupt140)?ABSOLUTE (__Interrupt140):ABSOLUTE (__DefaultInterrupt)
                  0x000000          0x4 LONG 0x0 DEFINED (__AltInterrupt141)?ABSOLUTE (__AltInterrupt141):DEFINED (__Interrupt141)?ABSOLUTE (__Interrupt141):ABSOLUTE (__DefaultInterrupt)
                  0x000000          0x4 LONG 0x0 DEFINED (__AltICDInterrupt)?ABSOLUTE (__AltICDInterrupt):DEFINED (__ICDInterrupt)?ABSOLUTE (__ICDInterrupt):ABSOLUTE (__DefaultInterrupt)
                  0x000000          0x4 LONG 0x0 DEFINED (__AltJTAGInterrupt)?ABSOLUTE (__AltJTAGInterrupt):DEFINED (__JTAGInterrupt)?ABSOLUTE (__JTAGInterrupt):ABSOLUTE (__DefaultInterrupt)
                  0x000000          0x4 LONG 0x0 DEFINED (__AltInterrupt144)?ABSOLUTE (__AltInterrupt144):DEFINED (__Interrupt144)?ABSOLUTE (__Interrupt144):ABSOLUTE (__DefaultInterrupt)
                  0x000000          0x4 LONG 0x0 DEFINED (__AltInterrupt145)?ABSOLUTE (__AltInterrupt145):DEFINED (__Interrupt145)?ABSOLUTE (__Interrupt145):ABSOLUTE (__DefaultInterrupt)
                  0x000000          0x4 LONG 0x0 DEFINED (__AltInterrupt146)?ABSOLUTE (__AltInterrupt146):DEFINED (__Interrupt146)?ABSOLUTE (__Interrupt146):ABSOLUTE (__DefaultInterrupt)
                  0x000000          0x4 LONG 0x0 DEFINED (__AltInterrupt147)?ABSOLUTE (__AltInterrupt147):DEFINED (__Interrupt147)?ABSOLUTE (__Interrupt147):ABSOLUTE (__DefaultInterrupt)
                  0x000000          0x4 LONG 0x0 DEFINED (__AltInterrupt148)?ABSOLUTE (__AltInterrupt148):DEFINED (__Interrupt148)?ABSOLUTE (__Interrupt148):ABSOLUTE (__DefaultInterrupt)
                  0x000000          0x4 LONG 0x0 DEFINED (__AltInterrupt149)?ABSOLUTE (__AltInterrupt149):DEFINED (__Interrupt149)?ABSOLUTE (__Interrupt149):ABSOLUTE (__DefaultInterrupt)
                  0x000000          0x4 LONG 0x0 DEFINED (__AltInterrupt150)?ABSOLUTE (__AltInterrupt150):DEFINED (__Interrupt150)?ABSOLUTE (__Interrupt150):ABSOLUTE (__DefaultInterrupt)
                  0x000000          0x4 LONG 0x0 DEFINED (__AltADCAN8Interrupt)?ABSOLUTE (__AltADCAN8Interrupt):DEFINED (__ADCAN8Interrupt)?ABSOLUTE (__ADCAN8Interrupt):ABSOLUTE (__DefaultInterrupt)
                  0x000000          0x4 LONG 0x0 DEFINED (__AltADCAN9Interrupt)?ABSOLUTE (__AltADCAN9Interrupt):DEFINED (__ADCAN9Interrupt)?ABSOLUTE (__ADCAN9Interrupt):ABSOLUTE (__DefaultInterrupt)
                  0x000000          0x4 LONG 0x0 DEFINED (__AltADCAN10Interrupt)?ABSOLUTE (__AltADCAN10Interrupt):DEFINED (__ADCAN10Interrupt)?ABSOLUTE (__ADCAN10Interrupt):ABSOLUTE (__DefaultInterrupt)
                  0x000000          0x4 LONG 0x0 DEFINED (__AltADCAN11Interrupt)?ABSOLUTE (__AltADCAN11Interrupt):DEFINED (__ADCAN11Interrupt)?ABSOLUTE (__ADCAN11Interrupt):ABSOLUTE (__DefaultInterrupt)
                  0x000000          0x4 LONG 0x0 DEFINED (__AltADCAN12Interrupt)?ABSOLUTE (__AltADCAN12Interrupt):DEFINED (__ADCAN12Interrupt)?ABSOLUTE (__ADCAN12Interrupt):ABSOLUTE (__DefaultInterrupt)
                  0x000000          0x4 LONG 0x0 DEFINED (__AltInterrupt156)?ABSOLUTE (__AltInterrupt156):DEFINED (__Interrupt156)?ABSOLUTE (__Interrupt156):ABSOLUTE (__DefaultInterrupt)
                  0x000000          0x4 LONG 0x0 DEFINED (__AltADCAN14Interrupt)?ABSOLUTE (__AltADCAN14Interrupt):DEFINED (__ADCAN14Interrupt)?ABSOLUTE (__ADCAN14Interrupt):ABSOLUTE (__DefaultInterrupt)
                  0x000000          0x4 LONG 0x0 DEFINED (__AltInterrupt158)?ABSOLUTE (__AltInterrupt158):DEFINED (__Interrupt158)?ABSOLUTE (__Interrupt158):ABSOLUTE (__DefaultInterrupt)
                  0x000000          0x4 LONG 0x0 DEFINED (__AltInterrupt159)?ABSOLUTE (__AltInterrupt159):DEFINED (__Interrupt159)?ABSOLUTE (__Interrupt159):ABSOLUTE (__DefaultInterrupt)
                  0x000000          0x4 LONG 0x0 DEFINED (__AltADCAN17Interrupt)?ABSOLUTE (__AltADCAN17Interrupt):DEFINED (__ADCAN17Interrupt)?ABSOLUTE (__ADCAN17Interrupt):ABSOLUTE (__DefaultInterrupt)
                  0x000000          0x4 LONG 0x0 DEFINED (__AltADCAN18Interrupt)?ABSOLUTE (__AltADCAN18Interrupt):DEFINED (__ADCAN18Interrupt)?ABSOLUTE (__ADCAN18Interrupt):ABSOLUTE (__DefaultInterrupt)
                  0x000000          0x4 LONG 0x0 DEFINED (__AltADCAN19Interrupt)?ABSOLUTE (__AltADCAN19Interrupt):DEFINED (__ADCAN19Interrupt)?ABSOLUTE (__ADCAN19Interrupt):ABSOLUTE (__DefaultInterrupt)
                  0x000000          0x4 LONG 0x0 DEFINED (__AltADCAN20Interrupt)?ABSOLUTE (__AltADCAN20Interrupt):DEFINED (__ADCAN20Interrupt)?ABSOLUTE (__ADCAN20Interrupt):ABSOLUTE (__DefaultInterrupt)
                  0x000000          0x4 LONG 0x0 DEFINED (__AltADCAN21Interrupt)?ABSOLUTE (__AltADCAN21Interrupt):DEFINED (__ADCAN21Interrupt)?ABSOLUTE (__ADCAN21Interrupt):ABSOLUTE (__DefaultInterrupt)
                  0x000000          0x4 LONG 0x0 DEFINED (__AltInterrupt165)?ABSOLUTE (__AltInterrupt165):DEFINED (__Interrupt165)?ABSOLUTE (__Interrupt165):ABSOLUTE (__DefaultInterrupt)
                  0x000000          0x4 LONG 0x0 DEFINED (__AltInterrupt166)?ABSOLUTE (__AltInterrupt166):DEFINED (__Interrupt166)?ABSOLUTE (__Interrupt166):ABSOLUTE (__DefaultInterrupt)
                  0x000000          0x4 LONG 0x0 DEFINED (__AltInterrupt167)?ABSOLUTE (__AltInterrupt167):DEFINED (__Interrupt167)?ABSOLUTE (__Interrupt167):ABSOLUTE (__DefaultInterrupt)
                  0x000000          0x4 LONG 0x0 DEFINED (__AltInterrupt168)?ABSOLUTE (__AltInterrupt168):DEFINED (__Interrupt168)?ABSOLUTE (__Interrupt168):ABSOLUTE (__DefaultInterrupt)
                  0x000000          0x4 LONG 0x0 DEFINED (__AltInterrupt169)?ABSOLUTE (__AltInterrupt169):DEFINED (__Interrupt169)?ABSOLUTE (__Interrupt169):ABSOLUTE (__DefaultInterrupt)
                  0x000000          0x4 LONG 0x0 DEFINED (__AltInterrupt170)?ABSOLUTE (__AltInterrupt170):DEFINED (__Interrupt170)?ABSOLUTE (__Interrupt170):ABSOLUTE (__DefaultInterrupt)
                  0x000000          0x4 LONG 0x0 DEFINED (__AltInterrupt171)?ABSOLUTE (__AltInterrupt171):DEFINED (__Interrupt171)?ABSOLUTE (__Interrupt171):ABSOLUTE (__DefaultInterrupt)
                  0x000000          0x4 LONG 0x0 DEFINED (__AltInterrupt172)?ABSOLUTE (__AltInterrupt172):DEFINED (__Interrupt172)?ABSOLUTE (__Interrupt172):ABSOLUTE (__DefaultInterrupt)
                  0x000000          0x4 LONG 0x0 DEFINED (__AltI2C1BCInterrupt)?ABSOLUTE (__AltI2C1BCInterrupt):DEFINED (__I2C1BCInterrupt)?ABSOLUTE (__I2C1BCInterrupt):ABSOLUTE (__DefaultInterrupt)
                  0x000000          0x4 LONG 0x0 DEFINED (__AltI2C2BCInterrupt)?ABSOLUTE (__AltI2C2BCInterrupt):DEFINED (__I2C2BCInterrupt)?ABSOLUTE (__I2C2BCInterrupt):ABSOLUTE (__DefaultInterrupt)
                  0x000000          0x4 LONG 0x0 DEFINED (__AltInterrupt175)?ABSOLUTE (__AltInterrupt175):DEFINED (__Interrupt175)?ABSOLUTE (__Interrupt175):ABSOLUTE (__DefaultInterrupt)
                  0x000000          0x4 LONG 0x0 DEFINED (__AltInterrupt176)?ABSOLUTE (__AltInterrupt176):DEFINED (__Interrupt176)?ABSOLUTE (__Interrupt176):ABSOLUTE (__DefaultInterrupt)
                  0x000000          0x4 LONG 0x0 DEFINED (__AltADCMP0Interrupt)?ABSOLUTE (__AltADCMP0Interrupt):DEFINED (__ADCMP0Interrupt)?ABSOLUTE (__ADCMP0Interrupt):ABSOLUTE (__DefaultInterrupt)
                  0x000000          0x4 LONG 0x0 DEFINED (__AltADCMP1Interrupt)?ABSOLUTE (__AltADCMP1Interrupt):DEFINED (__ADCMP1Interrupt)?ABSOLUTE (__ADCMP1Interrupt):ABSOLUTE (__DefaultInterrupt)
                  0x000000          0x4 LONG 0x0 DEFINED (__AltADFLTR0Interrupt)?ABSOLUTE (__AltADFLTR0Interrupt):DEFINED (__ADFLTR0Interrupt)?ABSOLUTE (__ADFLTR0Interrupt):ABSOLUTE (__DefaultInterrupt)
                  0x000000          0x4 LONG 0x0 DEFINED (__AltADFLTR1Interrupt)?ABSOLUTE (__AltADFLTR1Interrupt):DEFINED (__ADFLTR1Interrupt)?ABSOLUTE (__ADFLTR1Interrupt):ABSOLUTE (__DefaultInterrupt)
                    0x0000                  WREG0 = 0x0
                    0x0000                  _WREG0 = 0x0
                    0x0002                  WREG1 = 0x2
                    0x0002                  _WREG1 = 0x2
                    0x0004                  WREG2 = 0x4
                    0x0004                  _WREG2 = 0x4
                    0x0006                  WREG3 = 0x6
                    0x0006                  _WREG3 = 0x6
                    0x0008                  WREG4 = 0x8
                    0x0008                  _WREG4 = 0x8
                    0x000a                  WREG5 = 0xa
                    0x000a                  _WREG5 = 0xa
                    0x000c                  WREG6 = 0xc
                    0x000c                  _WREG6 = 0xc
                    0x000e                  WREG7 = 0xe
                    0x000e                  _WREG7 = 0xe
                    0x0010                  WREG8 = 0x10
                    0x0010                  _WREG8 = 0x10
                    0x0012                  WREG9 = 0x12
                    0x0012                  _WREG9 = 0x12
                    0x0014                  WREG10 = 0x14
                    0x0014                  _WREG10 = 0x14
                    0x0016                  WREG11 = 0x16
                    0x0016                  _WREG11 = 0x16
                    0x0018                  WREG12 = 0x18
                    0x0018                  _WREG12 = 0x18
                    0x001a                  WREG13 = 0x1a
                    0x001a                  _WREG13 = 0x1a
                    0x001c                  WREG14 = 0x1c
                    0x001c                  _WREG14 = 0x1c
                    0x001e                  WREG15 = 0x1e
                    0x001e                  _WREG15 = 0x1e
                    0x0020                  SPLIM = 0x20
                    0x0020                  _SPLIM = 0x20
                    0x0022                  ACCAL = 0x22
                    0x0022                  _ACCAL = 0x22
                    0x0024                  ACCAH = 0x24
                    0x0024                  _ACCAH = 0x24
                    0x0026                  ACCAU = 0x26
                    0x0026                  _ACCAU = 0x26
                    0x0028                  ACCBL = 0x28
                    0x0028                  _ACCBL = 0x28
                    0x002a                  ACCBH = 0x2a
                    0x002a                  _ACCBH = 0x2a
                    0x002c                  ACCBU = 0x2c
                    0x002c                  _ACCBU = 0x2c
                    0x002e                  PCL = 0x2e
                    0x002e                  _PCL = 0x2e
                    0x0030                  PCH = 0x30
                    0x0030                  _PCH = 0x30
                    0x0032                  DSRPAG = 0x32
                    0x0032                  _DSRPAG = 0x32
                    0x0032                  _DSRPAGbits = 0x32
                    0x0034                  DSWPAG = 0x34
                    0x0034                  _DSWPAG = 0x34
                    0x0034                  _DSWPAGbits = 0x34
                    0x0036                  RCOUNT = 0x36
                    0x0036                  _RCOUNT = 0x36
                    0x0038                  DCOUNT = 0x38
                    0x0038                  _DCOUNT = 0x38
                    0x003a                  DOSTARTL = 0x3a
                    0x003a                  _DOSTARTL = 0x3a
                    0x003c                  DOSTARTH = 0x3c
                    0x003c                  _DOSTARTH = 0x3c
                    0x003e                  DOENDL = 0x3e
                    0x003e                  _DOENDL = 0x3e
                    0x0040                  DOENDH = 0x40
                    0x0040                  _DOENDH = 0x40
                    0x0042                  SR = 0x42
                    0x0042                  _SR = 0x42
                    0x0042                  _SRbits = 0x42
                    0x0044                  CORCON = 0x44
                    0x0044                  _CORCON = 0x44
                    0x0044                  _CORCONbits = 0x44
                    0x0046                  MODCON = 0x46
                    0x0046                  _MODCON = 0x46
                    0x0046                  _MODCONbits = 0x46
                    0x0048                  XMODSRT = 0x48
                    0x0048                  _XMODSRT = 0x48
                    0x004a                  XMODEND = 0x4a
                    0x004a                  _XMODEND = 0x4a
                    0x004c                  YMODSRT = 0x4c
                    0x004c                  _YMODSRT = 0x4c
                    0x004e                  YMODEND = 0x4e
                    0x004e                  _YMODEND = 0x4e
                    0x0050                  XBREV = 0x50
                    0x0050                  _XBREV = 0x50
                    0x0050                  _XBREVbits = 0x50
                    0x0052                  DISICNT = 0x52
                    0x0052                  _DISICNT = 0x52
                    0x0054                  TBLPAG = 0x54
                    0x0054                  _TBLPAG = 0x54
                    0x0054                  _TBLPAGbits = 0x54
                    0x005a                  CTXTSTAT = 0x5a
                    0x005a                  _CTXTSTAT = 0x5a
                    0x005a                  _CTXTSTATbits = 0x5a
                    0x0100                  TMR1 = 0x100
                    0x0100                  _TMR1 = 0x100
                    0x0102                  PR1 = 0x102
                    0x0102                  _PR1 = 0x102
                    0x0104                  T1CON = 0x104
                    0x0104                  _T1CON = 0x104
                    0x0104                  _T1CONbits = 0x104
                    0x0106                  TMR2 = 0x106
                    0x0106                  _TMR2 = 0x106
                    0x0108                  TMR3HLD = 0x108
                    0x0108                  _TMR3HLD = 0x108
                    0x010a                  TMR3 = 0x10a
                    0x010a                  _TMR3 = 0x10a
                    0x010c                  PR2 = 0x10c
                    0x010c                  _PR2 = 0x10c
                    0x010e                  PR3 = 0x10e
                    0x010e                  _PR3 = 0x10e
                    0x0110                  T2CON = 0x110
                    0x0110                  _T2CON = 0x110
                    0x0110                  _T2CONbits = 0x110
                    0x0112                  T3CON = 0x112
                    0x0112                  _T3CON = 0x112
                    0x0112                  _T3CONbits = 0x112
                    0x0114                  TMR4 = 0x114
                    0x0114                  _TMR4 = 0x114
                    0x0116                  TMR5HLD = 0x116
                    0x0116                  _TMR5HLD = 0x116
                    0x0118                  TMR5 = 0x118
                    0x0118                  _TMR5 = 0x118
                    0x011a                  PR4 = 0x11a
                    0x011a                  _PR4 = 0x11a
                    0x011c                  PR5 = 0x11c
                    0x011c                  _PR5 = 0x11c
                    0x011e                  T4CON = 0x11e
                    0x011e                  _T4CON = 0x11e
                    0x011e                  _T4CONbits = 0x11e
                    0x0120                  T5CON = 0x120
                    0x0120                  _T5CON = 0x120
                    0x0120                  _T5CONbits = 0x120
                    0x0140                  IC1CON1 = 0x140
                    0x0140                  _IC1CON1 = 0x140
                    0x0140                  _IC1CON1bits = 0x140
                    0x0142                  IC1CON2 = 0x142
                    0x0142                  _IC1CON2 = 0x142
                    0x0142                  _IC1CON2bits = 0x142
                    0x0144                  IC1BUF = 0x144
                    0x0144                  _IC1BUF = 0x144
                    0x0146                  IC1TMR = 0x146
                    0x0146                  _IC1TMR = 0x146
                    0x0148                  IC2CON1 = 0x148
                    0x0148                  _IC2CON1 = 0x148
                    0x0148                  _IC2CON1bits = 0x148
                    0x014a                  IC2CON2 = 0x14a
                    0x014a                  _IC2CON2 = 0x14a
                    0x014a                  _IC2CON2bits = 0x14a
                    0x014c                  IC2BUF = 0x14c
                    0x014c                  _IC2BUF = 0x14c
                    0x014e                  IC2TMR = 0x14e
                    0x014e                  _IC2TMR = 0x14e
                    0x0150                  IC3CON1 = 0x150
                    0x0150                  _IC3CON1 = 0x150
                    0x0150                  _IC3CON1bits = 0x150
                    0x0152                  IC3CON2 = 0x152
                    0x0152                  _IC3CON2 = 0x152
                    0x0152                  _IC3CON2bits = 0x152
                    0x0154                  IC3BUF = 0x154
                    0x0154                  _IC3BUF = 0x154
                    0x0156                  IC3TMR = 0x156
                    0x0156                  _IC3TMR = 0x156
                    0x0158                  IC4CON1 = 0x158
                    0x0158                  _IC4CON1 = 0x158
                    0x0158                  _IC4CON1bits = 0x158
                    0x015a                  IC4CON2 = 0x15a
                    0x015a                  _IC4CON2 = 0x15a
                    0x015a                  _IC4CON2bits = 0x15a
                    0x015c                  IC4BUF = 0x15c
                    0x015c                  _IC4BUF = 0x15c
                    0x015e                  IC4TMR = 0x15e
                    0x015e                  _IC4TMR = 0x15e
                    0x0200                  I2C1CON1 = 0x200
                    0x0200                  _I2C1CON1 = 0x200
                    0x0200                  _I2C1CON1bits = 0x200
                    0x0200                  I2C1CONL = 0x200
                    0x0200                  _I2C1CONL = 0x200
                    0x0200                  _I2C1CONLbits = 0x200
                    0x0202                  I2C1CON2 = 0x202
                    0x0202                  _I2C1CON2 = 0x202
                    0x0202                  _I2C1CON2bits = 0x202
                    0x0202                  I2C1CONH = 0x202
                    0x0202                  _I2C1CONH = 0x202
                    0x0202                  _I2C1CONHbits = 0x202
                    0x0204                  I2C1STAT = 0x204
                    0x0204                  _I2C1STAT = 0x204
                    0x0204                  _I2C1STATbits = 0x204
                    0x0206                  I2C1ADD = 0x206
                    0x0206                  _I2C1ADD = 0x206
                    0x0206                  _I2C1ADDbits = 0x206
                    0x0208                  I2C1MSK = 0x208
                    0x0208                  _I2C1MSK = 0x208
                    0x0208                  _I2C1MSKbits = 0x208
                    0x020a                  I2C1BRG = 0x20a
                    0x020a                  _I2C1BRG = 0x20a
                    0x020c                  I2C1TRN = 0x20c
                    0x020c                  _I2C1TRN = 0x20c
                    0x020c                  _I2C1TRNbits = 0x20c
                    0x020e                  I2C1RCV = 0x20e
                    0x020e                  _I2C1RCV = 0x20e
                    0x020e                  _I2C1RCVbits = 0x20e
                    0x0210                  I2C2CON1 = 0x210
                    0x0210                  _I2C2CON1 = 0x210
                    0x0210                  _I2C2CON1bits = 0x210
                    0x0210                  I2C2CONL = 0x210
                    0x0210                  _I2C2CONL = 0x210
                    0x0210                  _I2C2CONLbits = 0x210
                    0x0212                  I2C2CON2 = 0x212
                    0x0212                  _I2C2CON2 = 0x212
                    0x0212                  _I2C2CON2bits = 0x212
                    0x0212                  I2C2CONH = 0x212
                    0x0212                  _I2C2CONH = 0x212
                    0x0212                  _I2C2CONHbits = 0x212
                    0x0214                  I2C2STAT = 0x214
                    0x0214                  _I2C2STAT = 0x214
                    0x0214                  _I2C2STATbits = 0x214
                    0x0216                  I2C2ADD = 0x216
                    0x0216                  _I2C2ADD = 0x216
                    0x0216                  _I2C2ADDbits = 0x216
                    0x0218                  I2C2MSK = 0x218
                    0x0218                  _I2C2MSK = 0x218
                    0x0218                  _I2C2MSKbits = 0x218
                    0x021a                  I2C2BRG = 0x21a
                    0x021a                  _I2C2BRG = 0x21a
                    0x021c                  I2C2TRN = 0x21c
                    0x021c                  _I2C2TRN = 0x21c
                    0x021c                  _I2C2TRNbits = 0x21c
                    0x021e                  I2C2RCV = 0x21e
                    0x021e                  _I2C2RCV = 0x21e
                    0x021e                  _I2C2RCVbits = 0x21e
                    0x0220                  U1MODE = 0x220
                    0x0220                  _U1MODE = 0x220
                    0x0220                  _U1MODEbits = 0x220
                    0x0222                  U1STA = 0x222
                    0x0222                  _U1STA = 0x222
                    0x0222                  _U1STAbits = 0x222
                    0x0224                  U1TXREG = 0x224
                    0x0224                  _U1TXREG = 0x224
                    0x0226                  U1RXREG = 0x226
                    0x0226                  _U1RXREG = 0x226
                    0x0228                  U1BRG = 0x228
                    0x0228                  _U1BRG = 0x228
                    0x0230                  U2MODE = 0x230
                    0x0230                  _U2MODE = 0x230
                    0x0230                  _U2MODEbits = 0x230
                    0x0232                  U2STA = 0x232
                    0x0232                  _U2STA = 0x232
                    0x0232                  _U2STAbits = 0x232
                    0x0234                  U2TXREG = 0x234
                    0x0234                  _U2TXREG = 0x234
                    0x0236                  U2RXREG = 0x236
                    0x0236                  _U2RXREG = 0x236
                    0x0238                  U2BRG = 0x238
                    0x0238                  _U2BRG = 0x238
                    0x0240                  SPI1STAT = 0x240
                    0x0240                  _SPI1STAT = 0x240
                    0x0240                  _SPI1STATbits = 0x240
                    0x0242                  SPI1CON1 = 0x242
                    0x0242                  _SPI1CON1 = 0x242
                    0x0242                  _SPI1CON1bits = 0x242
                    0x0244                  SPI1CON2 = 0x244
                    0x0244                  _SPI1CON2 = 0x244
                    0x0244                  _SPI1CON2bits = 0x244
                    0x0248                  SPI1BUF = 0x248
                    0x0248                  _SPI1BUF = 0x248
                    0x0260                  SPI2STAT = 0x260
                    0x0260                  _SPI2STAT = 0x260
                    0x0260                  _SPI2STATbits = 0x260
                    0x0262                  SPI2CON1 = 0x262
                    0x0262                  _SPI2CON1 = 0x262
                    0x0262                  _SPI2CON1bits = 0x262
                    0x0264                  SPI2CON2 = 0x264
                    0x0264                  _SPI2CON2 = 0x264
                    0x0264                  _SPI2CON2bits = 0x264
                    0x0268                  SPI2BUF = 0x268
                    0x0268                  _SPI2BUF = 0x268
                    0x0300                  ADCON1L = 0x300
                    0x0300                  _ADCON1L = 0x300
                    0x0300                  _ADCON1Lbits = 0x300
                    0x0302                  ADCON1H = 0x302
                    0x0302                  _ADCON1H = 0x302
                    0x0302                  _ADCON1Hbits = 0x302
                    0x0304                  ADCON2L = 0x304
                    0x0304                  _ADCON2L = 0x304
                    0x0304                  _ADCON2Lbits = 0x304
                    0x0306                  ADCON2H = 0x306
                    0x0306                  _ADCON2H = 0x306
                    0x0306                  _ADCON2Hbits = 0x306
                    0x0308                  ADCON3L = 0x308
                    0x0308                  _ADCON3L = 0x308
                    0x0308                  _ADCON3Lbits = 0x308
                    0x030a                  ADCON3H = 0x30a
                    0x030a                  _ADCON3H = 0x30a
                    0x030a                  _ADCON3Hbits = 0x30a
                    0x030c                  ADCON4L = 0x30c
                    0x030c                  _ADCON4L = 0x30c
                    0x030c                  _ADCON4Lbits = 0x30c
                    0x030e                  ADCON4H = 0x30e
                    0x030e                  _ADCON4H = 0x30e
                    0x030e                  _ADCON4Hbits = 0x30e
                    0x0310                  ADMOD0L = 0x310
                    0x0310                  _ADMOD0L = 0x310
                    0x0310                  _ADMOD0Lbits = 0x310
                    0x0314                  ADMOD1L = 0x314
                    0x0314                  _ADMOD1L = 0x314
                    0x0314                  _ADMOD1Lbits = 0x314
                    0x0320                  ADIEL = 0x320
                    0x0320                  _ADIEL = 0x320
                    0x0320                  _ADIELbits = 0x320
                    0x0322                  ADIEH = 0x322
                    0x0322                  _ADIEH = 0x322
                    0x0322                  _ADIEHbits = 0x322
                    0x0330                  ADSTATL = 0x330
                    0x0330                  _ADSTATL = 0x330
                    0x0330                  _ADSTATLbits = 0x330
                    0x0332                  ADSTATH = 0x332
                    0x0332                  _ADSTATH = 0x332
                    0x0332                  _ADSTATHbits = 0x332
                    0x0338                  ADCMP0ENL = 0x338
                    0x0338                  _ADCMP0ENL = 0x338
                    0x0338                  _ADCMP0ENLbits = 0x338
                    0x033a                  ADCMP0ENH = 0x33a
                    0x033a                  _ADCMP0ENH = 0x33a
                    0x033a                  _ADCMP0ENHbits = 0x33a
                    0x033c                  ADCMP0LO = 0x33c
                    0x033c                  _ADCMP0LO = 0x33c
                    0x033e                  ADCMP0HI = 0x33e
                    0x033e                  _ADCMP0HI = 0x33e
                    0x0340                  ADCMP1ENL = 0x340
                    0x0340                  _ADCMP1ENL = 0x340
                    0x0340                  _ADCMP1ENLbits = 0x340
                    0x0342                  ADCMP1ENH = 0x342
                    0x0342                  _ADCMP1ENH = 0x342
                    0x0342                  _ADCMP1ENHbits = 0x342
                    0x0344                  ADCMP1LO = 0x344
                    0x0344                  _ADCMP1LO = 0x344
                    0x0346                  ADCMP1HI = 0x346
                    0x0346                  _ADCMP1HI = 0x346
                    0x0368                  ADFL0DAT = 0x368
                    0x0368                  _ADFL0DAT = 0x368
                    0x036a                  ADFL0CON = 0x36a
                    0x036a                  _ADFL0CON = 0x36a
                    0x036a                  _ADFL0CONbits = 0x36a
                    0x036c                  ADFL1DAT = 0x36c
                    0x036c                  _ADFL1DAT = 0x36c
                    0x036e                  ADFL1CON = 0x36e
                    0x036e                  _ADFL1CON = 0x36e
                    0x036e                  _ADFL1CONbits = 0x36e
                    0x0380                  ADTRIG0L = 0x380
                    0x0380                  _ADTRIG0L = 0x380
                    0x0380                  _ADTRIG0Lbits = 0x380
                    0x0382                  ADTRIG0H = 0x382
                    0x0382                  _ADTRIG0H = 0x382
                    0x0382                  _ADTRIG0Hbits = 0x382
                    0x0384                  ADTRIG1L = 0x384
                    0x0384                  _ADTRIG1L = 0x384
                    0x0384                  _ADTRIG1Lbits = 0x384
                    0x0386                  ADTRIG1H = 0x386
                    0x0386                  _ADTRIG1H = 0x386
                    0x0386                  _ADTRIG1Hbits = 0x386
                    0x0392                  ADTRIG4H = 0x392
                    0x0392                  _ADTRIG4H = 0x392
                    0x0392                  _ADTRIG4Hbits = 0x392
                    0x0394                  ADTRIG5L = 0x394
                    0x0394                  _ADTRIG5L = 0x394
                    0x0394                  _ADTRIG5Lbits = 0x394
                    0x03a0                  ADCMP0CON = 0x3a0
                    0x03a0                  _ADCMP0CON = 0x3a0
                    0x03a0                  _ADCMP0CONbits = 0x3a0
                    0x03a4                  ADCMP1CON = 0x3a4
                    0x03a4                  _ADCMP1CON = 0x3a4
                    0x03a4                  _ADCMP1CONbits = 0x3a4
                    0x03d0                  ADLVLTRGL = 0x3d0
                    0x03d0                  _ADLVLTRGL = 0x3d0
                    0x03d0                  _ADLVLTRGLbits = 0x3d0
                    0x03d2                  ADLVLTRGH = 0x3d2
                    0x03d2                  _ADLVLTRGH = 0x3d2
                    0x03d2                  _ADLVLTRGHbits = 0x3d2
                    0x03d4                  ADCORE0L = 0x3d4
                    0x03d4                  _ADCORE0L = 0x3d4
                    0x03d4                  _ADCORE0Lbits = 0x3d4
                    0x03d6                  ADCORE0H = 0x3d6
                    0x03d6                  _ADCORE0H = 0x3d6
                    0x03d6                  _ADCORE0Hbits = 0x3d6
                    0x03d8                  ADCORE1L = 0x3d8
                    0x03d8                  _ADCORE1L = 0x3d8
                    0x03d8                  _ADCORE1Lbits = 0x3d8
                    0x03da                  ADCORE1H = 0x3da
                    0x03da                  _ADCORE1H = 0x3da
                    0x03da                  _ADCORE1Hbits = 0x3da
                    0x03dc                  ADCORE2L = 0x3dc
                    0x03dc                  _ADCORE2L = 0x3dc
                    0x03dc                  _ADCORE2Lbits = 0x3dc
                    0x03de                  ADCORE2H = 0x3de